Microchip MPLAB XC8 Compiler V2.32

Linker command line:

-W-3 --edf=C:\Program Files\Microchip\xc8\v2.32\pic\dat\en_msgs.txt -cn \
  -h+dist/default/production\DrinkMeter.X.production.sym \
  --cmf=dist/default/production\DrinkMeter.X.production.cmf -z -Q16F1938 \
  -oC:\Users\dexte\AppData\Local\Temp\xcAsik4.4 --defsym=__MPLAB_BUILD=1 \
  -Mdist/default/production/DrinkMeter.X.production.map -E1 \
  -ver=XC8 Compiler --acfsm=1493 -ASTACK=02110h-023EFh -pstack=STACK \
  -ACODE=00h-07FFhx8 -ASTRCODE=00h-03FFFh -ASTRING=00h-0FFhx64 \
  -ACONST=00h-0FFhx64 -AENTRY=00h-0FFhx64 -ACOMMON=070h-07Fh \
  -ABANK0=020h-06Fh -ABANK1=0A0h-0EFh -ABANK2=0120h-016Fh \
  -ABANK3=01A0h-01EFh -ABANK4=0220h-026Fh -ABANK5=02A0h-02EFh \
  -ABANK6=0320h-036Fh -ABANK7=03A0h-03EFh -ABANK8=0420h-046Fh \
  -ABANK9=04A0h-04EFh -ABANK10=0520h-056Fh -ABANK11=05A0h-05EFh \
  -ABANK12=0620h-064Fh -ABIGRAM=02000h-023EFh \
  -ARAM=020h-06Fh,0A0h-0EFh,0120h-016Fh,01A0h-01EFh,0220h-026Fh,02A0h-02EFh,0320h-036Fh,03A0h-03EFh,0420h-046Fh,04A0h-04EFh,0520h-056Fh,05A0h-05EFh,0620h-064Fh \
  -AABS1=020h-07Fh,0A0h-0EFh,0120h-016Fh,01A0h-01EFh,0220h-026Fh,02A0h-02EFh,0320h-036Fh,03A0h-03EFh,0420h-046Fh,04A0h-04EFh,0520h-056Fh,05A0h-05EFh,0620h-064Fh \
  -ASFR0=00h-01Fh -ASFR1=080h-09Fh -ASFR2=0100h-011Fh -ASFR3=0180h-019Fh \
  -ASFR4=0200h-021Fh -ASFR5=0280h-029Fh -ASFR6=0300h-031Fh \
  -ASFR7=0380h-039Fh -ASFR8=0400h-041Fh -ASFR9=0480h-049Fh \
  -ASFR10=0500h-051Fh -ASFR11=0580h-059Fh -ASFR12=0600h-061Fh \
  -ASFR13=0680h-06EFh -ASFR14=0700h-076Fh -ASFR15=0780h-07EFh \
  -ASFR16=0800h-086Fh -ASFR17=0880h-08EFh -ASFR18=0900h-096Fh \
  -ASFR19=0980h-09EFh -ASFR20=0A00h-0A6Fh -ASFR21=0A80h-0AEFh \
  -ASFR22=0B00h-0B6Fh -ASFR23=0B80h-0BEFh -ASFR24=0C00h-0C6Fh \
  -ASFR25=0C80h-0CEFh -ASFR26=0D00h-0D6Fh -ASFR27=0D80h-0DEFh \
  -ASFR28=0E00h-0E6Fh -ASFR29=0E80h-0EEFh -ASFR30=0F00h-0F6Fh \
  -ASFR31=0F80h-0FEFh -ACONFIG=08007h-08008h -DCONFIG=2 \
  -AIDLOC=08000h-08003h -DIDLOC=2 -AEEDATA=00h-0FFh/0F000h \
  -peeprom_data=EEDATA -DEEDATA=2 -DCODE=2 -DSTRCODE=2 -DSTRING=2 -DCONST=2 \
  -DENTRY=2 -preset_vec=00h,intentry,init,end_init -ppowerup=CODE \
  -pcinit=CODE -pfunctab=ENTRY -k \
  C:\Users\dexte\AppData\Local\Temp\xcAsik4.o \
  dist/default/production\DrinkMeter.X.production.o 

Object code version is 3.11

Machine type is 16F1938



                Name                               Link     Load   Length Selector   Space Scale
C:\Users\dexte\AppData\Local\Temp\xcAsik4.o
                end_init                              2        2        2        0       0
                reset_vec                             0        0        2        0       0
                config                             8007     8007        2        0       4
dist/default/production\DrinkMeter.X.production.o
                cinit                               7CD      7CD       33      F9A       0
                config                             8007     8007        2        0       4
                text66                             1E20     1E20        7     3C40       0
                text65                             1FA7     1FA7       1B     3F4E       0
                text64                              801      801        4     1002       0
                text63                             1E3E     1E3E        A     3C7C       0
                text62                             12DC     12DC       5A     25B8       0
                text61                              889      889       AB     1112       0
                text60                             1E52     1E52        B     3CA4       0
                text59                             1E5D     1E5D        B     3CBA       0
                text58                              B61      B61       E3     16C2       0
                text57                             13ED     13ED       5F     27DA       0
                text56                             1181     1181       53     2302       0
                text55                             1E2E     1E2E        8     3C5C       0
                text54                             1E68     1E68        B     3CD0       0
                text53                             1E73     1E73        B     3CE6       0
                text52                             1E7E     1E7E        B     3CFC       0
                text51                             1E89     1E89        B     3D12       0
                text50                             1E94     1E94        B     3D28       0
                text49                             1E9F     1E9F        B     3D3E       0
                text48                             1F3F     1F3F       1A     3E7E       0
                text47                             1F59     1F59       1A     3EB2       0
                text46                             1EAA     1EAA        B     3D54       0
                text45                             15A3     15A3       78     2B46       0
                text44                             11D4     11D4       56     23A8       0
                text43                             1336     1336       5B     266C       0
                text42                              9E0      9E0       BA     13C0       0
                text41                             1EE4     1EE4       14     3DC8       0
                text40                             1ED1     1ED1       13     3DA2       0
                text39                             1EB5     1EB5        C     3D6A       0
                text38                             1E48     1E48        A     3C90       0
                text37                             1E27     1E27        7     3C4E       0
                text36                             1EC1     1EC1       10     3D82       0
                text35                             1F0F     1F0F       18     3E1E       0
                text34                             1EF8     1EF8       17     3DF0       0
                text33                             122A     122A       59     2454       0
                text32                             101F     101F       24     203E       0
                text31                             10CA     10CA       3B     2194       0
                text30                             1141     1141       40     2282       0
                text29                             1FC2     1FC2       1B     3F84       0
                text28                             1757     1757       A9     2EAE       0
                text27                             1F27     1F27       18     3E4E       0
                text26                              EFF      EFF      101     1DFE       0
                text25                              D28      D28       EA     1A50       0
                text24                             1F73     1F73       1A     3EE6       0
                text23                                6        6        1        C       0
                text22                                7        7       4F        E       0
                text21                             106B     106B       29     20D6       0
                text20                             1F8D     1F8D       1A     3F1A       0
                text19                             1283     1283       59     2506       0
                text18                               56       56      170       AC       0
                text17                             1391     1391       5C     2722       0
                text16                              805      805       84     100A       0
                text15                             144C     144C       71     2898       0
                text14                              E12      E12       ED     1C24       0
                text13                              37A      37A      1FC      6F4       0
                text12                             1094     1094       36     2128       0
                text11                             1043     1043       28     2086       0
                text10                             161B     161B       9C     2C36       0
                text9                              14BD     14BD       71     297A       0
                text8                              1FDD     1FDD       23     3FBA       0
                text7                               576      576      257      AEC       0
                text6                               1C6      1C6      1B4      38C       0
                text5                              152E     152E       75     2A5C       0
                text4                               934      934       AC     1268       0
                text3                              16B7     16B7       A0     2D6E       0
                text2                               C44      C44       E4     1888       0
                text1                              1105     1105       3C     220A       0
                maintext                            A9A      A9A       C7     1534       0
                cstackBANK0                          20       20       50       20       1
                cstackCOMMON                         70       70        E       70       1
                cstackBANK1                          A0       A0       38       A0       1
                cstackBANK2                         13C      13C       1A      120       1
                clrtext                            1E14     1E14        6     3C28       0
                inittext                           1E1A     1E1A        6     3C34       0
                bssBANK3                            1A0      1A0       20      1A0       1
                dataBANK2                           120      120       1C      120       1
                bssBANK2                            156      156        8      120       1
                dataBANK1                            E5       E5        8       A0       1
                bssBANK1                             D8       D8        D       A0       1
                stringtext10                       204A     204A        2     4000       0
                stringtext9                        2047     2047        3     4000       0
                stringtext8                        2044     2044        3     4000       0
                stringtext7                        2041     2041        3     4000       0
                stringtext6                        203B     203B        6     4000       0
                stringtext5                        2033     2033        8     4000       0
                stringtext4                        2028     2028        B     4000       0
                stringtext3                        201D     201D        B     4000       0
                stringtext2                        200F     200F        E     4000       0
                stringtext1                        2000     2000        F     4000       0
                idataBANK2                         1003     1003       1C     2006       0
                idataBANK1                         1E36     1E36        8     3C6C       0

TOTAL           Name                               Link     Load   Length     Space
        CLASS   STACK          

        CLASS   CODE           
                end_init                              2        2        2         0
                cinit                               7CD      7CD       33         0
                reset_vec                             0        0        2         0
                text66                             1E20     1E20        7         0
                text65                             1FA7     1FA7       1B         0
                text64                              801      801        4         0
                text63                             1E3E     1E3E        A         0
                text62                             12DC     12DC       5A         0
                text61                              889      889       AB         0
                text60                             1E52     1E52        B         0
                text59                             1E5D     1E5D        B         0
                text58                              B61      B61       E3         0
                text57                             13ED     13ED       5F         0
                text56                             1181     1181       53         0
                text55                             1E2E     1E2E        8         0
                text54                             1E68     1E68        B         0
                text53                             1E73     1E73        B         0
                text52                             1E7E     1E7E        B         0
                text51                             1E89     1E89        B         0
                text50                             1E94     1E94        B         0
                text49                             1E9F     1E9F        B         0
                text48                             1F3F     1F3F       1A         0
                text47                             1F59     1F59       1A         0
                text46                             1EAA     1EAA        B         0
                text45                             15A3     15A3       78         0
                text44                             11D4     11D4       56         0
                text43                             1336     1336       5B         0
                text42                              9E0      9E0       BA         0
                text41                             1EE4     1EE4       14         0
                text40                             1ED1     1ED1       13         0
                text39                             1EB5     1EB5        C         0
                text38                             1E48     1E48        A         0
                text37                             1E27     1E27        7         0
                text36                             1EC1     1EC1       10         0
                text35                             1F0F     1F0F       18         0
                text34                             1EF8     1EF8       17         0
                text33                             122A     122A       59         0
                text32                             101F     101F       24         0
                text31                             10CA     10CA       3B         0
                text30                             1141     1141       40         0
                text29                             1FC2     1FC2       1B         0
                text28                             1757     1757       A9         0
                text27                             1F27     1F27       18         0
                text26                              EFF      EFF      101         0
                text25                              D28      D28       EA         0
                text24                             1F73     1F73       1A         0
                text23                                6        6        1         0
                text22                                7        7       4F         0
                text21                             106B     106B       29         0
                text20                             1F8D     1F8D       1A         0
                text19                             1283     1283       59         0
                text18                               56       56      170         0
                text17                             1391     1391       5C         0
                text16                              805      805       84         0
                text15                             144C     144C       71         0
                text14                              E12      E12       ED         0
                text13                              37A      37A      1FC         0
                text12                             1094     1094       36         0
                text11                             1043     1043       28         0
                text10                             161B     161B       9C         0
                text9                              14BD     14BD       71         0
                text8                              1FDD     1FDD       23         0
                text7                               576      576      257         0
                text6                               1C6      1C6      1B4         0
                text5                              152E     152E       75         0
                text4                               934      934       AC         0
                text3                              16B7     16B7       A0         0
                text2                               C44      C44       E4         0
                text1                              1105     1105       3C         0
                maintext                            A9A      A9A       C7         0
                clrtext                            1E14     1E14        6         0
                inittext                           1E1A     1E1A        6         0
                idataBANK2                         1003     1003       1C         0
                idataBANK1                         1E36     1E36        8         0

        CLASS   STRCODE        
                stringtext10                       204A     204A        2         0
                stringtext9                        2047     2047        3         0
                stringtext8                        2044     2044        3         0
                stringtext7                        2041     2041        3         0
                stringtext6                        203B     203B        6         0
                stringtext5                        2033     2033        8         0
                stringtext4                        2028     2028        B         0
                stringtext3                        201D     201D        B         0
                stringtext2                        200F     200F        E         0
                stringtext1                        2000     2000        F         0

        CLASS   STRING         

        CLASS   CONST          

        CLASS   ENTRY          

        CLASS   COMMON         
                cstackCOMMON                         70       70        E         1

        CLASS   BANK0          
                cstackBANK0                          20       20       50         1

        CLASS   BANK1          
                cstackBANK1                          A0       A0       38         1
                dataBANK1                            E5       E5        8         1
                bssBANK1                             D8       D8        D         1

        CLASS   BANK2          
                cstackBANK2                         13C      13C       1A         1
                dataBANK2                           120      120       1C         1
                bssBANK2                            156      156        8         1

        CLASS   BANK3          
                bssBANK3                            1A0      1A0       20         1

        CLASS   BANK4          

        CLASS   BANK5          

        CLASS   BANK6          

        CLASS   BANK7          

        CLASS   BANK8          

        CLASS   BANK9          

        CLASS   BANK10         

        CLASS   BANK11         

        CLASS   BANK12         

        CLASS   BIGRAM         

        CLASS   RAM            

        CLASS   ABS1           
                abs_s1                               7E       7E        2         1

        CLASS   SFR0           

        CLASS   SFR1           

        CLASS   SFR2           

        CLASS   SFR3           

        CLASS   SFR4           

        CLASS   SFR5           

        CLASS   SFR6           

        CLASS   SFR7           

        CLASS   SFR8           

        CLASS   SFR9           

        CLASS   SFR10          

        CLASS   SFR11          

        CLASS   SFR12          

        CLASS   SFR13          

        CLASS   SFR14          

        CLASS   SFR15          

        CLASS   SFR16          

        CLASS   SFR17          

        CLASS   SFR18          

        CLASS   SFR19          

        CLASS   SFR20          

        CLASS   SFR21          

        CLASS   SFR22          

        CLASS   SFR23          

        CLASS   SFR24          

        CLASS   SFR25          

        CLASS   SFR26          

        CLASS   SFR27          

        CLASS   SFR28          

        CLASS   SFR29          

        CLASS   SFR30          

        CLASS   SFR31          

        CLASS   CONFIG         
                config                             8007     8007        2         4

        CLASS   IDLOC          

        CLASS   EEDATA         

        CLASS   BANK31         

        CLASS   BANK30         

        CLASS   BANK29         

        CLASS   BANK28         

        CLASS   BANK27         

        CLASS   BANK26         

        CLASS   BANK25         

        CLASS   BANK24         

        CLASS   BANK23         

        CLASS   BANK22         

        CLASS   BANK21         

        CLASS   BANK20         

        CLASS   BANK19         

        CLASS   BANK18         

        CLASS   BANK17         

        CLASS   BANK16         

        CLASS   BANK15         

        CLASS   BANK14         

        CLASS   BANK13         



SEGMENTS        Name                           Load    Length   Top    Selector   Space  Class     Delta

                reset_vec                      000000  000004  000004         0       0  CODE        2
                text23                         000006  000001  000007         C       0  CODE        2
                text22                         000007  00004F  000056         E       0  CODE        2
                cstackBANK0                    000020  000050  000070        20       1  BANK0       1
                cstackCOMMON                   000070  00000E  00007E        70       1  COMMON      1
                cstackBANK1                    0000A0  00004D  0000ED        A0       1  BANK1       1
                text18                         000056  000170  0001C6        AC       0  CODE        2
                dataBANK2                      000120  00003E  00015E       120       1  BANK2       1
                bssBANK3                       0001A0  000020  0001C0       1A0       1  BANK3       1
                text6                          0001C6  0001B4  00037A       38C       0  CODE        2
                text13                         00037A  0001FC  000576       6F4       0  CODE        2
                text7                          000576  000257  0007CD       AEC       0  CODE        2
                cinit                          0007CD  000033  000800       F9A       0  CODE        2
                text64                         000801  000004  000805      1002       0  CODE        2
                text16                         000805  000084  000889      100A       0  CODE        2
                text61                         000889  0000AB  000934      1112       0  CODE        2
                text4                          000934  0000AC  0009E0      1268       0  CODE        2
                text42                         0009E0  0000BA  000A9A      13C0       0  CODE        2
                maintext                       000A9A  0000C7  000B61      1534       0  CODE        2
                text58                         000B61  0000E3  000C44      16C2       0  CODE        2
                text2                          000C44  0000E4  000D28      1888       0  CODE        2
                text25                         000D28  0000EA  000E12      1A50       0  CODE        2
                text14                         000E12  0000ED  000EFF      1C24       0  CODE        2
                text26                         000EFF  000101  001000      1DFE       0  CODE        2
                idataBANK2                     001003  00001C  00101F      2006       0  CODE        2
                text32                         00101F  000024  001043      203E       0  CODE        2
                text11                         001043  000028  00106B      2086       0  CODE        2
                text21                         00106B  000029  001094      20D6       0  CODE        2
                text12                         001094  000036  0010CA      2128       0  CODE        2
                text31                         0010CA  00003B  001105      2194       0  CODE        2
                text1                          001105  00003C  001141      220A       0  CODE        2
                text30                         001141  000040  001181      2282       0  CODE        2
                text56                         001181  000053  0011D4      2302       0  CODE        2
                text44                         0011D4  000056  00122A      23A8       0  CODE        2
                text33                         00122A  000059  001283      2454       0  CODE        2
                text19                         001283  000059  0012DC      2506       0  CODE        2
                text62                         0012DC  00005A  001336      25B8       0  CODE        2
                text43                         001336  00005B  001391      266C       0  CODE        2
                text17                         001391  00005C  0013ED      2722       0  CODE        2
                text57                         0013ED  00005F  00144C      27DA       0  CODE        2
                text15                         00144C  000071  0014BD      2898       0  CODE        2
                text9                          0014BD  000071  00152E      297A       0  CODE        2
                text5                          00152E  000075  0015A3      2A5C       0  CODE        2
                text45                         0015A3  000078  00161B      2B46       0  CODE        2
                text10                         00161B  00009C  0016B7      2C36       0  CODE        2
                text3                          0016B7  0000A0  001757      2D6E       0  CODE        2
                text28                         001757  0000A9  001800      2EAE       0  CODE        2
                clrtext                        001E14  000006  001E1A      3C28       0  CODE        2
                inittext                       001E1A  000006  001E20      3C34       0  CODE        2
                text66                         001E20  000007  001E27      3C40       0  CODE        2
                text37                         001E27  000007  001E2E      3C4E       0  CODE        2
                text55                         001E2E  000008  001E36      3C5C       0  CODE        2
                idataBANK1                     001E36  000008  001E3E      3C6C       0  CODE        2
                text63                         001E3E  00000A  001E48      3C7C       0  CODE        2
                text38                         001E48  00000A  001E52      3C90       0  CODE        2
                text60                         001E52  00000B  001E5D      3CA4       0  CODE        2
                text59                         001E5D  00000B  001E68      3CBA       0  CODE        2
                text54                         001E68  00000B  001E73      3CD0       0  CODE        2
                text53                         001E73  00000B  001E7E      3CE6       0  CODE        2
                text52                         001E7E  00000B  001E89      3CFC       0  CODE        2
                text51                         001E89  00000B  001E94      3D12       0  CODE        2
                text50                         001E94  00000B  001E9F      3D28       0  CODE        2
                text49                         001E9F  00000B  001EAA      3D3E       0  CODE        2
                text46                         001EAA  00000B  001EB5      3D54       0  CODE        2
                text39                         001EB5  00000C  001EC1      3D6A       0  CODE        2
                text36                         001EC1  000010  001ED1      3D82       0  CODE        2
                text40                         001ED1  000013  001EE4      3DA2       0  CODE        2
                text41                         001EE4  000014  001EF8      3DC8       0  CODE        2
                text34                         001EF8  000017  001F0F      3DF0       0  CODE        2
                text35                         001F0F  000018  001F27      3E1E       0  CODE        2
                text27                         001F27  000018  001F3F      3E4E       0  CODE        2
                text48                         001F3F  00001A  001F59      3E7E       0  CODE        2
                text47                         001F59  00001A  001F73      3EB2       0  CODE        2
                text24                         001F73  00001A  001F8D      3EE6       0  CODE        2
                text20                         001F8D  00001A  001FA7      3F1A       0  CODE        2
                text65                         001FA7  00001B  001FC2      3F4E       0  CODE        2
                text29                         001FC2  00001B  001FDD      3F84       0  CODE        2
                text8                          001FDD  000023  002000      3FBA       0  CODE        2
                stringtext1                    002000  00004C  00204C      4000       0  STRCODE     2


UNUSED ADDRESS RANGES

        Name                Unused          Largest block    Delta
        BANK1            000ED-000EF               3           1
        BANK10           00520-0056F              50           1
        BANK11           005A0-005EF              50           1
        BANK12           00620-0064F              30           1
        BANK2            0015E-0016F              12           1
        BANK3            001C0-001EF              30           1
        BANK4            00220-0026F              50           1
        BANK5            002A0-002EF              50           1
        BANK6            00320-0036F              50           1
        BANK7            003A0-003EF              50           1
        BANK8            00420-0046F              50           1
        BANK9            004A0-004EF              50           1
        BIGRAM           02000-023EF             3F0           1
        CODE             00004-00005               2           2
                         00800-00800               1
                         01000-01002               3
                         01800-01E13             614
                         0204C-03FFF             800
        CONST            00004-00005               2           2
                         00800-00800               1
                         01000-01002               3
                         01800-01E13             100
                         0204C-03FFF             100
        EEDATA           0F000-0F0FF             100           2
        ENTRY            00004-00005               2           2
                         00800-00800               1
                         01000-01002               3
                         01800-01E13             100
                         0204C-03FFF             100
        IDLOC            08000-08003               4           2
        RAM              000ED-000EF               3           1
                         0015E-0016F              12
                         001C0-001EF              30
                         00220-0026F              50
                         002A0-002EF              50
                         00320-0036F              50
                         003A0-003EF              50
                         00420-0046F              50
                         004A0-004EF              50
                         00520-0056F              50
                         005A0-005EF              50
                         00620-0064F              30
        SFR0             00000-0001F              20           1
        SFR1             00080-0009F              20           1
        SFR10            00500-0051F              20           1
        SFR11            00580-0059F              20           1
        SFR12            00600-0061F              20           1
        SFR13            00680-006EF              70           1
        SFR14            00700-0076F              70           1
        SFR15            00780-007EF              70           1
        SFR16            00800-0086F              70           1
        SFR17            00880-008EF              70           1
        SFR18            00900-0096F              70           1
        SFR19            00980-009EF              70           1
        SFR2             00100-0011F              20           1
        SFR20            00A00-00A6F              70           1
        SFR21            00A80-00AEF              70           1
        SFR22            00B00-00B6F              70           1
        SFR23            00B80-00BEF              70           1
        SFR24            00C00-00C6F              70           1
        SFR25            00C80-00CEF              70           1
        SFR26            00D00-00D6F              70           1
        SFR27            00D80-00DEF              70           1
        SFR28            00E00-00E6F              70           1
        SFR29            00E80-00EEF              70           1
        SFR3             00180-0019F              20           1
        SFR30            00F00-00F6F              70           1
        SFR31            00F80-00FEF              70           1
        SFR4             00200-0021F              20           1
        SFR5             00280-0029F              20           1
        SFR6             00300-0031F              20           1
        SFR7             00380-0039F              20           1
        SFR8             00400-0041F              20           1
        SFR9             00480-0049F              20           1
        STACK            02110-023EF             2E0           1
        STRCODE          00004-00005               2           2
                         00800-00800               1
                         01000-01002               3
                         01800-01E13             614
                         0204C-03FFF            1FB4
        STRING           00004-00005               2           2
                         00800-00800               1
                         01000-01002               3
                         01800-01E13             100
                         0204C-03FFF             100

                                  Symbol Table

?__Umul8_16                      cstackCOMMON 00070
?___aodiv                        cstackBANK0  00020
?___aomod                        cstackBANK0  00020
?___awdiv                        cstackCOMMON 00070
?___awmod                        cstackCOMMON 00070
?___fldiv                        cstackCOMMON 00070
?___flmul                        cstackBANK0  0002D
?___fltol                        cstackBANK0  00047
?___lldiv                        cstackCOMMON 00070
?___lodiv                        cstackBANK0  00020
?___lomod                        cstackBANK0  00020
?___xxtofl                       cstackCOMMON 00070
?_abs                            cstackCOMMON 00073
?_dtoa                           cstackBANK0  00030
?_get_CELL_DAT_VAL               cstackCOMMON 00070
?_get_scale_val                  cstackBANK0  00020
?_pad                            cstackBANK0  00024
?_sprintf                        cstackBANK1  000A5
?_strlen                         cstackCOMMON 00070
?_strncmp                        cstackCOMMON 00070
?_utoa                           cstackBANK0  00030
?_vfpfcnvrt                      cstackBANK0  0004E
?_vfprintf                       cstackBANK0  0006D
CLK_SET_HIGH@p                   cstackCOMMON 00071
CLK_SET_LOW@p                    cstackCOMMON 00071
CLK_SET_OUTPUT@p                 cstackCOMMON 00071
DIO_SET_HIGH@p                   cstackCOMMON 00071
DIO_SET_INPUT@p                  cstackCOMMON 00071
DIO_SET_LOW@p                    cstackCOMMON 00071
DIO_SET_OUTPUT@p                 cstackCOMMON 00071
_ANSELA                          (abs)        0018C
_ANSELB                          (abs)        0018D
_APFCON                          (abs)        0011D
_BORCON                          (abs)        00116
_CLK_SET_HIGH                    text54       01E68
_CLK_SET_LOW                     text53       01E73
_CLK_SET_OUTPUT                  text52       01E7E
_DIO_SET_HIGH                    text51       01E89
_DIO_SET_INPUT                   text46       01EAA
_DIO_SET_LOW                     text50       01E94
_DIO_SET_OUTPUT                  text49       01E9F
_LATA                            (abs)        0010C
_LATB                            (abs)        0010D
_LATC                            (abs)        0010E
_LATE                            (abs)        00110
_OPTION_REGbits                  (abs)        00095
_OSCCON                          (abs)        00099
_OSCILLATOR_Initialize           text66       01E20
_OSCTUNE                         (abs)        00098
_PIN_MANAGER_Initialize          text65       01FA7
_PORTBbits                       (abs)        0000D
_RC5                             (abs)        00075
_RC6                             (abs)        00076
_RC7                             (abs)        00077
_SSPADD                          (abs)        00212
_SSPBUF                          (abs)        00211
_SSPCON1                         (abs)        00215
_SSPCON1bits                     (abs)        00215
_SSPCON2                         (abs)        00216
_SSPCON2bits                     (abs)        00216
_SSPSTAT                         (abs)        00214
_SSPSTATbits                     (abs)        00214
_SYSTEM_Initialize               text63       01E3E
_TRISA                           (abs)        0008C
_TRISB                           (abs)        0008D
_TRISC                           (abs)        0008E
_TRISE                           (abs)        00090
_WDTCON                          (abs)        00097
_WDT_Initialize                  text64       00801
_WPUB                            (abs)        0020D
_WPUE                            (abs)        00210
__Habs1                          abs1         00000
__Hbank0                         bank0        00000
__Hbank1                         bank1        00000
__Hbank10                        bank10       00000
__Hbank11                        bank11       00000
__Hbank12                        bank12       00000
__Hbank13                        bank13       00000
__Hbank14                        bank14       00000
__Hbank15                        bank15       00000
__Hbank16                        bank16       00000
__Hbank17                        bank17       00000
__Hbank18                        bank18       00000
__Hbank19                        bank19       00000
__Hbank2                         bank2        00000
__Hbank20                        bank20       00000
__Hbank21                        bank21       00000
__Hbank22                        bank22       00000
__Hbank23                        bank23       00000
__Hbank24                        bank24       00000
__Hbank25                        bank25       00000
__Hbank26                        bank26       00000
__Hbank27                        bank27       00000
__Hbank28                        bank28       00000
__Hbank29                        bank29       00000
__Hbank3                         bank3        00000
__Hbank30                        bank30       00000
__Hbank31                        bank31       00000
__Hbank4                         bank4        00000
__Hbank5                         bank5        00000
__Hbank6                         bank6        00000
__Hbank7                         bank7        00000
__Hbank8                         bank8        00000
__Hbank9                         bank9        00000
__Hbigram                        bigram       00000
__HbssBANK1                      bssBANK1     00000
__HbssBANK2                      bssBANK2     00000
__HbssBANK3                      bssBANK3     00000
__Hcinit                         cinit        00800
__Hclrtext                       clrtext      00000
__Hcode                          code         00000
__Hcommon                        common       00000
__Hconfig                        config       08009
__HcstackBANK0                   cstackBANK0  00000
__HcstackBANK1                   cstackBANK1  00000
__HcstackBANK2                   cstackBANK2  00000
__HcstackCOMMON                  cstackCOMMON 00000
__HdataBANK1                     dataBANK1    00000
__HdataBANK2                     dataBANK2    00000
__Heeprom_data                   eeprom_data  00000
__Hend_init                      end_init     00004
__Hfunctab                       functab      00000
__HidataBANK1                    idataBANK1   00000
__HidataBANK2                    idataBANK2   00000
__Hinit                          init         00002
__Hinittext                      inittext     00000
__Hintentry                      intentry     00002
__Hmaintext                      maintext     00000
__Hpowerup                       powerup      00000
__Hram                           ram          00000
__Hreset_vec                     reset_vec    00002
__Hsfr0                          sfr0         00000
__Hsfr1                          sfr1         00000
__Hsfr10                         sfr10        00000
__Hsfr11                         sfr11        00000
__Hsfr12                         sfr12        00000
__Hsfr13                         sfr13        00000
__Hsfr14                         sfr14        00000
__Hsfr15                         sfr15        00000
__Hsfr16                         sfr16        00000
__Hsfr17                         sfr17        00000
__Hsfr18                         sfr18        00000
__Hsfr19                         sfr19        00000
__Hsfr2                          sfr2         00000
__Hsfr20                         sfr20        00000
__Hsfr21                         sfr21        00000
__Hsfr22                         sfr22        00000
__Hsfr23                         sfr23        00000
__Hsfr24                         sfr24        00000
__Hsfr25                         sfr25        00000
__Hsfr26                         sfr26        00000
__Hsfr27                         sfr27        00000
__Hsfr28                         sfr28        00000
__Hsfr29                         sfr29        00000
__Hsfr3                          sfr3         00000
__Hsfr30                         sfr30        00000
__Hsfr31                         sfr31        00000
__Hsfr4                          sfr4         00000
__Hsfr5                          sfr5         00000
__Hsfr6                          sfr6         00000
__Hsfr7                          sfr7         00000
__Hsfr8                          sfr8         00000
__Hsfr9                          sfr9         00000
__Hspace_0                       (abs)        0204C
__Hspace_1                       (abs)        001C0
__Hspace_2                       (abs)        00000
__Hspace_3                       (abs)        00000
__Hspace_4                       (abs)        10010
__Hstack                         stack        00000
__Hstrings                       strings      00000
__Hstringtext1                   stringtext1  00000
__Hstringtext10                  stringtext10 00000
__Hstringtext11                  stringtext11 00000
__Hstringtext2                   stringtext2  00000
__Hstringtext3                   stringtext3  00000
__Hstringtext4                   stringtext4  00000
__Hstringtext5                   stringtext5  00000
__Hstringtext6                   stringtext6  00000
__Hstringtext7                   stringtext7  00000
__Hstringtext8                   stringtext8  00000
__Hstringtext9                   stringtext9  00000
__Htext                          text         00000
__Labs1                          abs1         00000
__Lbank0                         bank0        00000
__Lbank1                         bank1        00000
__Lbank10                        bank10       00000
__Lbank11                        bank11       00000
__Lbank12                        bank12       00000
__Lbank13                        bank13       00000
__Lbank14                        bank14       00000
__Lbank15                        bank15       00000
__Lbank16                        bank16       00000
__Lbank17                        bank17       00000
__Lbank18                        bank18       00000
__Lbank19                        bank19       00000
__Lbank2                         bank2        00000
__Lbank20                        bank20       00000
__Lbank21                        bank21       00000
__Lbank22                        bank22       00000
__Lbank23                        bank23       00000
__Lbank24                        bank24       00000
__Lbank25                        bank25       00000
__Lbank26                        bank26       00000
__Lbank27                        bank27       00000
__Lbank28                        bank28       00000
__Lbank29                        bank29       00000
__Lbank3                         bank3        00000
__Lbank30                        bank30       00000
__Lbank31                        bank31       00000
__Lbank4                         bank4        00000
__Lbank5                         bank5        00000
__Lbank6                         bank6        00000
__Lbank7                         bank7        00000
__Lbank8                         bank8        00000
__Lbank9                         bank9        00000
__Lbigram                        bigram       00000
__LbssBANK1                      bssBANK1     00000
__LbssBANK2                      bssBANK2     00000
__LbssBANK3                      bssBANK3     00000
__Lcinit                         cinit        007CD
__Lclrtext                       clrtext      00000
__Lcode                          code         00000
__Lcommon                        common       00000
__Lconfig                        config       00000
__LcstackBANK0                   cstackBANK0  00000
__LcstackBANK1                   cstackBANK1  00000
__LcstackBANK2                   cstackBANK2  00000
__LcstackCOMMON                  cstackCOMMON 00000
__LdataBANK1                     dataBANK1    00000
__LdataBANK2                     dataBANK2    00000
__Leeprom_data                   eeprom_data  00000
__Lend_init                      end_init     00002
__Lfunctab                       functab      00000
__LidataBANK1                    idataBANK1   00000
__LidataBANK2                    idataBANK2   00000
__Linit                          init         00002
__Linittext                      inittext     00000
__Lintentry                      intentry     00002
__Lmaintext                      maintext     00000
__Lpowerup                       powerup      00000
__Lram                           ram          00000
__Lreset_vec                     reset_vec    00000
__Lsfr0                          sfr0         00000
__Lsfr1                          sfr1         00000
__Lsfr10                         sfr10        00000
__Lsfr11                         sfr11        00000
__Lsfr12                         sfr12        00000
__Lsfr13                         sfr13        00000
__Lsfr14                         sfr14        00000
__Lsfr15                         sfr15        00000
__Lsfr16                         sfr16        00000
__Lsfr17                         sfr17        00000
__Lsfr18                         sfr18        00000
__Lsfr19                         sfr19        00000
__Lsfr2                          sfr2         00000
__Lsfr20                         sfr20        00000
__Lsfr21                         sfr21        00000
__Lsfr22                         sfr22        00000
__Lsfr23                         sfr23        00000
__Lsfr24                         sfr24        00000
__Lsfr25                         sfr25        00000
__Lsfr26                         sfr26        00000
__Lsfr27                         sfr27        00000
__Lsfr28                         sfr28        00000
__Lsfr29                         sfr29        00000
__Lsfr3                          sfr3         00000
__Lsfr30                         sfr30        00000
__Lsfr31                         sfr31        00000
__Lsfr4                          sfr4         00000
__Lsfr5                          sfr5         00000
__Lsfr6                          sfr6         00000
__Lsfr7                          sfr7         00000
__Lsfr8                          sfr8         00000
__Lsfr9                          sfr9         00000
__Lspace_0                       (abs)        00000
__Lspace_1                       (abs)        00000
__Lspace_2                       (abs)        00000
__Lspace_3                       (abs)        00000
__Lspace_4                       (abs)        00000
__Lstack                         stack        00000
__Lstrings                       strings      00000
__Lstringtext1                   stringtext1  00000
__Lstringtext10                  stringtext10 00000
__Lstringtext11                  stringtext11 00000
__Lstringtext2                   stringtext2  00000
__Lstringtext3                   stringtext3  00000
__Lstringtext4                   stringtext4  00000
__Lstringtext5                   stringtext5  00000
__Lstringtext6                   stringtext6  00000
__Lstringtext7                   stringtext7  00000
__Lstringtext8                   stringtext8  00000
__Lstringtext9                   stringtext9  00000
__Ltext                          text         00000
__S0                             (abs)        0204C
__S1                             (abs)        001C0
__S2                             (abs)        00000
__S3                             (abs)        00000
__Umul8_16                       text8        01FDD
__Umul8_16@multiplicand          cstackCOMMON 00070
__Umul8_16@multiplier            cstackCOMMON 00078
__Umul8_16@product               cstackCOMMON 00074
__Umul8_16@word_mpld             cstackCOMMON 00076
___aodiv                         text26       00EFF
___aodiv@counter                 cstackCOMMON 00071
___aodiv@dividend                cstackBANK0  00028
___aodiv@divisor                 cstackBANK0  00020
___aodiv@quotient                cstackCOMMON 00073
___aodiv@sign                    cstackCOMMON 00072
___aomod                         text25       00D28
___aomod@counter                 cstackCOMMON 00071
___aomod@dividend                cstackBANK0  00028
___aomod@divisor                 cstackBANK0  00020
___aomod@sign                    cstackCOMMON 00072
___awdiv                         text57       013ED
___awdiv@counter                 cstackCOMMON 00075
___awdiv@dividend                cstackCOMMON 00072
___awdiv@divisor                 cstackCOMMON 00070
___awdiv@quotient                cstackCOMMON 00077
___awdiv@sign                    cstackCOMMON 00076
___awmod                         text56       01181
___awmod@counter                 cstackCOMMON 00075
___awmod@dividend                cstackCOMMON 00072
___awmod@divisor                 cstackCOMMON 00070
___awmod@sign                    cstackCOMMON 00076
___fldiv                         text6        001C6
___fldiv@a                       cstackCOMMON 00070
___fldiv@aexp                    cstackBANK0  0002C
___fldiv@b                       cstackCOMMON 00074
___fldiv@bexp                    cstackBANK0  0002B
___fldiv@grs                     cstackBANK0  00027
___fldiv@new_exp                 cstackBANK0  00025
___fldiv@rem                     cstackBANK0  00020
___fldiv@sign                    cstackBANK0  00024
___flmul                         text7        00576
___flmul@a                       cstackBANK0  00031
___flmul@aexp                    cstackBANK0  0003F
___flmul@b                       cstackBANK0  0002D
___flmul@bexp                    cstackBANK0  00040
___flmul@grs                     cstackBANK0  0003B
___flmul@prod                    cstackBANK0  00041
___flmul@sign                    cstackBANK0  0003A
___flmul@temp                    cstackBANK0  00045
___fltol                         text5        0152E
___fltol@exp1                    cstackBANK0  00051
___fltol@f1                      cstackBANK0  00047
___fltol@sign1                   cstackBANK0  00050
___int_sp                        stack        00000
___latbits                       (abs)        00003
___lldiv                         text62       012DC
___lldiv@counter                 cstackCOMMON 0007D
___lldiv@dividend                cstackCOMMON 00074
___lldiv@divisor                 cstackCOMMON 00070
___lldiv@quotient                cstackCOMMON 00079
___lodiv                         text16       00805
___lodiv@counter                 cstackCOMMON 00079
___lodiv@dividend                cstackBANK0  00028
___lodiv@divisor                 cstackBANK0  00020
___lodiv@quotient                cstackCOMMON 00071
___lomod                         text15       0144C
___lomod@counter                 cstackCOMMON 00071
___lomod@dividend                cstackBANK0  00028
___lomod@divisor                 cstackBANK0  00020
___sp                            stack        00000
___stackhi                       (abs)        023EF
___stacklo                       (abs)        02110
___xxtofl                        text4        00934
___xxtofl@arg                    cstackCOMMON 0007A
___xxtofl@exp                    cstackCOMMON 00079
___xxtofl@sign                   cstackCOMMON 00078
___xxtofl@val                    cstackCOMMON 00070
__end_of_CLK_SET_HIGH            text54       01E73
__end_of_CLK_SET_LOW             text53       01E7E
__end_of_CLK_SET_OUTPUT          text52       01E89
__end_of_DIO_SET_HIGH            text51       01E94
__end_of_DIO_SET_INPUT           text46       01EB5
__end_of_DIO_SET_LOW             text50       01E9F
__end_of_DIO_SET_OUTPUT          text49       01EAA
__end_of_OSCILLATOR_Initialize   text66       01E27
__end_of_PIN_MANAGER_Initialize  text65       01FC2
__end_of_SYSTEM_Initialize       text63       01E48
__end_of_WDT_Initialize          text64       00805
__end_of__Umul8_16               text8        02000
__end_of___aodiv                 text26       01000
__end_of___aomod                 text25       00E12
__end_of___awdiv                 text57       0144C
__end_of___awmod                 text56       011D4
__end_of___fldiv                 text6        0037A
__end_of___flmul                 text7        007CD
__end_of___fltol                 text5        015A3
__end_of___lldiv                 text62       01336
__end_of___lodiv                 text16       00889
__end_of___lomod                 text15       014BD
__end_of___xxtofl                text4        009E0
__end_of__initialization         cinit        007FD
__end_of_abs                     text24       01F8D
__end_of_calc_percentage         text2        00D28
__end_of_command                 text33       01283
__end_of_dtoa                    text18       001C6
__end_of_encode_digit            text55       01E36
__end_of_fputc                   text22       00056
__end_of_fputs                   text21       01094
__end_of_get_CELL_DAT_VAL        text61       00934
__end_of_get_DIO_PIN_value       text45       0161B
__end_of_get_scale_val           text58       00C44
__end_of_i2c_start               text38       01E52
__end_of_i2c_stop                text37       01E2E
__end_of_i2c_wait                text39       01EC1
__end_of_i2c_write               text36       01ED1
__end_of_initialize              text10       016B7
__end_of_initialize_digit        text40       01EE4
__end_of_lcd_backlight           text34       01F0F
__end_of_lcd_clear               text30       01181
__end_of_lcd_cmd                 text35       01F27
__end_of_lcd_init                text28       01800
__end_of_lcd_print               text32       01043
__end_of_lcd_print_with          text27       01F3F
__end_of_lcd_set_cursor          text31       01105
__end_of_main                    maintext     00B61
__end_of_pad                     text19       012DC
__end_of_print_digit             text42       00A9A
__end_of_print_gram              text9        0152E
__end_of_putch                   text23       00007
__end_of_scale_convert_gram      text3        01757
__end_of_set_CELL_CLK_HIGH       text60       01E5D
__end_of_set_CELL_CLK_LOW        text59       01E68
__end_of_set_brigthness          text41       01EF8
__end_of_set_max_gram            text1        01141
__end_of_set_segments            text43       01391
__end_of_sprintf                 text11       0106B
__end_of_start_segment           text48       01F59
__end_of_stop_segment            text47       01F73
__end_of_strlen                  text20       01FA7
__end_of_strncmp                 text17       013ED
__end_of_utoa                    text14       00EFF
__end_of_vfpfcnvrt               text13       00576
__end_of_vfprintf                text12       010CA
__end_of_write4bits              text29       01FDD
__end_of_write_byte              text44       0122A
__initialization                 cinit        007CD
__pbssBANK1                      bssBANK1     000D8
__pbssBANK2                      bssBANK2     00156
__pbssBANK3                      bssBANK3     001A0
__pcstackBANK0                   cstackBANK0  00020
__pcstackBANK1                   cstackBANK1  000A0
__pcstackBANK2                   cstackBANK2  0013C
__pcstackCOMMON                  cstackCOMMON 00070
__pdataBANK1                     dataBANK1    000E5
__pdataBANK2                     dataBANK2    00120
__pidataBANK1                    idataBANK1   01E36
__pidataBANK2                    idataBANK2   01003
__pmaintext                      maintext     00A9A
__pstringtext1                   stringtext1  02000
__pstringtext10                  stringtext10 0204A
__pstringtext11                  stringtext11 00000
__pstringtext2                   stringtext2  0200F
__pstringtext3                   stringtext3  0201D
__pstringtext4                   stringtext4  02028
__pstringtext5                   stringtext5  02033
__pstringtext6                   stringtext6  0203B
__pstringtext7                   stringtext7  02041
__pstringtext8                   stringtext8  02044
__pstringtext9                   stringtext9  02047
__ptext1                         text1        01105
__ptext10                        text10       0161B
__ptext11                        text11       01043
__ptext12                        text12       01094
__ptext13                        text13       0037A
__ptext14                        text14       00E12
__ptext15                        text15       0144C
__ptext16                        text16       00805
__ptext17                        text17       01391
__ptext18                        text18       00056
__ptext19                        text19       01283
__ptext2                         text2        00C44
__ptext20                        text20       01F8D
__ptext21                        text21       0106B
__ptext22                        text22       00007
__ptext23                        text23       00006
__ptext24                        text24       01F73
__ptext25                        text25       00D28
__ptext26                        text26       00EFF
__ptext27                        text27       01F27
__ptext28                        text28       01757
__ptext29                        text29       01FC2
__ptext3                         text3        016B7
__ptext30                        text30       01141
__ptext31                        text31       010CA
__ptext32                        text32       0101F
__ptext33                        text33       0122A
__ptext34                        text34       01EF8
__ptext35                        text35       01F0F
__ptext36                        text36       01EC1
__ptext37                        text37       01E27
__ptext38                        text38       01E48
__ptext39                        text39       01EB5
__ptext4                         text4        00934
__ptext40                        text40       01ED1
__ptext41                        text41       01EE4
__ptext42                        text42       009E0
__ptext43                        text43       01336
__ptext44                        text44       011D4
__ptext45                        text45       015A3
__ptext46                        text46       01EAA
__ptext47                        text47       01F59
__ptext48                        text48       01F3F
__ptext49                        text49       01E9F
__ptext5                         text5        0152E
__ptext50                        text50       01E94
__ptext51                        text51       01E89
__ptext52                        text52       01E7E
__ptext53                        text53       01E73
__ptext54                        text54       01E68
__ptext55                        text55       01E2E
__ptext56                        text56       01181
__ptext57                        text57       013ED
__ptext58                        text58       00B61
__ptext59                        text59       01E5D
__ptext6                         text6        001C6
__ptext60                        text60       01E52
__ptext61                        text61       00889
__ptext62                        text62       012DC
__ptext63                        text63       01E3E
__ptext64                        text64       00801
__ptext65                        text65       01FA7
__ptext66                        text66       01E20
__ptext7                         text7        00576
__ptext8                         text8        01FDD
__ptext9                         text9        014BD
__size_of_CLK_SET_HIGH           (abs)        00000
__size_of_CLK_SET_LOW            (abs)        00000
__size_of_CLK_SET_OUTPUT         (abs)        00000
__size_of_DIO_SET_HIGH           (abs)        00000
__size_of_DIO_SET_INPUT          (abs)        00000
__size_of_DIO_SET_LOW            (abs)        00000
__size_of_DIO_SET_OUTPUT         (abs)        00000
__size_of_OSCILLATOR_Initialize  (abs)        00000
__size_of_PIN_MANAGER_Initialize (abs)        00000
__size_of_SYSTEM_Initialize      (abs)        00000
__size_of_WDT_Initialize         (abs)        00000
__size_of__Umul8_16              (abs)        00000
__size_of___aodiv                (abs)        00000
__size_of___aomod                (abs)        00000
__size_of___awdiv                (abs)        00000
__size_of___awmod                (abs)        00000
__size_of___fldiv                (abs)        00000
__size_of___flmul                (abs)        00000
__size_of___fltol                (abs)        00000
__size_of___lldiv                (abs)        00000
__size_of___lodiv                (abs)        00000
__size_of___lomod                (abs)        00000
__size_of___xxtofl               (abs)        00000
__size_of_abs                    (abs)        00000
__size_of_calc_percentage        (abs)        00000
__size_of_command                (abs)        00000
__size_of_dtoa                   (abs)        00000
__size_of_encode_digit           (abs)        00000
__size_of_fputc                  (abs)        00000
__size_of_fputs                  (abs)        00000
__size_of_get_CELL_DAT_VAL       (abs)        00000
__size_of_get_DIO_PIN_value      (abs)        00000
__size_of_get_scale_val          (abs)        00000
__size_of_i2c_start              (abs)        00000
__size_of_i2c_stop               (abs)        00000
__size_of_i2c_wait               (abs)        00000
__size_of_i2c_write              (abs)        00000
__size_of_initialize             (abs)        00000
__size_of_initialize_digit       (abs)        00000
__size_of_lcd_backlight          (abs)        00000
__size_of_lcd_clear              (abs)        00000
__size_of_lcd_cmd                (abs)        00000
__size_of_lcd_init               (abs)        00000
__size_of_lcd_print              (abs)        00000
__size_of_lcd_print_with         (abs)        00000
__size_of_lcd_set_cursor         (abs)        00000
__size_of_main                   (abs)        00000
__size_of_pad                    (abs)        00000
__size_of_print_digit            (abs)        00000
__size_of_print_gram             (abs)        00000
__size_of_putch                  (abs)        00000
__size_of_scale_convert_gram     (abs)        00000
__size_of_set_CELL_CLK_HIGH      (abs)        00000
__size_of_set_CELL_CLK_LOW       (abs)        00000
__size_of_set_brigthness         (abs)        00000
__size_of_set_max_gram           (abs)        00000
__size_of_set_segments           (abs)        00000
__size_of_sprintf                (abs)        00000
__size_of_start_segment          (abs)        00000
__size_of_stop_segment           (abs)        00000
__size_of_strlen                 (abs)        00000
__size_of_strncmp                (abs)        00000
__size_of_utoa                   (abs)        00000
__size_of_vfpfcnvrt              (abs)        00000
__size_of_vfprintf               (abs)        00000
__size_of_write4bits             (abs)        00000
__size_of_write_byte             (abs)        00000
_abs                             text24       01F73
_calc_percentage                 text2        00C44
_command                         text33       0122A
_dbuf                            bssBANK3     001A0
_dtoa                            text18       00056
_dtoa$1264                       cstackBANK0  0003B
_encode_digit                    text55       01E2E
_flags                           bssBANK1     000E2
_fputc                           text22       00007
_fputs                           text21       0106B
_get_CELL_DAT_VAL                text61       00889
_get_DIO_PIN_value               text45       015A3
_get_scale_val                   text58       00B61
_i2c_start                       text38       01E48
_i2c_stop                        text37       01E27
_i2c_wait                        text39       01EB5
_i2c_write                       text36       01EC1
_initialize                      text10       0161B
_initialize_digit                text40       01ED1
_lcd_backlight                   text34       01EF8
_lcd_clear                       text30       01141
_lcd_cmd                         text35       01F0F
_lcd_init                        text28       01757
_lcd_print                       text32       0101F
_lcd_print_with                  text27       01F27
_lcd_set_cursor                  text31       010CA
_m_brightness                    bssBANK1     000E4
_main                            maintext     00A9A
_nout                            bssBANK1     000DC
_pad                             text19       01283
_prec                            bssBANK1     000E0
_print_digit                     text42       009E0
_print_gram                      text9        014BD
_putch                           text23       00006
_scale_convert_gram              text3        016B7
_segdata                         dataBANK2    0012C
_set_CELL_CLK_HIGH               text60       01E52
_set_CELL_CLK_LOW                text59       01E5D
_set_brigthness                  text41       01EE4
_set_max_gram                    text1        01105
_set_segments                    text43       01336
_sprintf                         text11       01043
_start_segment                   text48       01F3F
_stop_segment                    text47       01F59
_strlen                          text20       01F8D
_strncmp                         text17       01391
_utoa                            text14       00E12
_vfpfcnvrt                       text13       0037A
_vfprintf                        text12       01094
_width                           bssBANK1     000DE
_write4bits                      text29       01FC2
_write_byte                      text44       011D4
abs@a                            cstackCOMMON 00073
btemp                            (abs)        0007E
calc_percentage@gram             cstackBANK0  00063
calc_percentage@max_gram         cstackBANK0  00067
calc_percentage@p                cstackBANK0  0006B
clear_ram0                       clrtext      01E14
command@highnib                  cstackCOMMON 00077
command@lownib                   cstackCOMMON 00078
command@mode                     cstackCOMMON 00074
command@p                        cstackCOMMON 00079
command@val                      cstackCOMMON 00073
dtoa@d                           cstackBANK0  00030
dtoa@fp                          cstackBANK0  0003F
dtoa@i                           cstackBANK0  0004C
dtoa@n                           cstackBANK0  00044
dtoa@p                           cstackBANK0  0003D
dtoa@s                           cstackBANK0  00042
dtoa@w                           cstackBANK0  00040
encode_digit@digit               cstackCOMMON 00079
encode_digit@p                   cstackCOMMON 0007A
end_of_initialization            cinit        007FD
fputc@c                          cstackCOMMON 00070
fputc@fp                         cstackCOMMON 00072
fputs@c                          cstackBANK0  00020
fputs@fp                         cstackCOMMON 00078
fputs@i                          cstackBANK0  00021
fputs@s                          cstackBANK0  00023
get_CELL_DAT_VAL@p               cstackCOMMON 00075
get_DIO_PIN_value@p              cstackCOMMON 00071
get_scale_val@i                  cstackBANK0  00031
get_scale_val@j                  cstackBANK0  0002C
get_scale_val@p                  cstackBANK0  00032
get_scale_val@scale_avg_count    cstackBANK0  00020
get_scale_val@weight_add         cstackBANK0  00028
get_scale_val@weight_count       cstackBANK0  0002D
i2c_write@data                   cstackCOMMON 00070
init_ram                         inittext     01E1A
initialize@p                     cstackBANK1  000C4
initialize@valstr                cstackBANK1  000B4
initialize_digit@p               cstackBANK0  0002D
intlevel0                        functab      00000
intlevel1                        functab      00000
intlevel2                        functab      00000
intlevel3                        functab      00000
intlevel4                        functab      00000
intlevel5                        functab      00000
lcd_backlight@p                  cstackCOMMON 00074
lcd_clear@col                    cstackBANK0  00029
lcd_clear@p                      cstackBANK0  0002A
lcd_clear@row                    cstackBANK0  00028
lcd_cmd@cmd                      cstackCOMMON 00071
lcd_cmd@p                        cstackCOMMON 00072
lcd_init@p                       cstackCOMMON 00078
lcd_print@cmd                    cstackBANK0  00020
lcd_print@p                      cstackBANK0  00021
lcd_print@str                    cstackCOMMON 0007A
lcd_print_with@col               cstackBANK0  00028
lcd_print_with@p                 cstackCOMMON 0007D
lcd_print_with@row               cstackBANK0  00029
lcd_print_with@str               cstackBANK0  00026
lcd_set_cursor@F2781             dataBANK1    000E5
lcd_set_cursor@cmd               cstackBANK0  00024
lcd_set_cursor@col               cstackCOMMON 0007A
lcd_set_cursor@p                 cstackBANK0  00025
lcd_set_cursor@row               cstackCOMMON 0007B
lcd_set_cursor@row_offsets       cstackBANK0  00020
main@F2849                       dataBANK2    00120
main@F2851                       dataBANK2    00136
main@F2853                       dataBANK2    0013A
main@F2855                       bssBANK2     00156
main@drink                       cstackBANK2  0014E
main@lcd                         cstackBANK2  0013C
main@loadcell                    cstackBANK2  00142
main@tm1637                      cstackBANK2  00140
pad@buf                          cstackBANK0  00024
pad@fp                           cstackBANK0  0002B
pad@i                            cstackBANK0  00027
pad@p                            cstackBANK0  00025
pad@w                            cstackBANK0  00029
print_digit@F2820                dataBANK1    000E9
print_digit@data                 cstackBANK0  00026
print_digit@number               cstackCOMMON 0007D
print_digit@p                    cstackBANK0  0002A
print_digit@tmp                  cstackBANK0  0002B
print_gram@p                     cstackBANK1  000D5
print_gram@row1                  cstackBANK1  000B5
print_gram@row2                  cstackBANK1  000C5
reset_vec                        reset_vec    00000
scale_convert_gram@p             cstackBANK0  0005E
scale_convert_gram@temp          cstackBANK0  0005A
set_CELL_CLK_HIGH@p              cstackCOMMON 00071
set_CELL_CLK_LOW@p               cstackCOMMON 00071
set_brigthness@brightness        cstackCOMMON 00070
set_brigthness@on                cstackCOMMON 00071
set_brigthness@p                 cstackCOMMON 00073
set_max_gram@empty_gram          cstackBANK1  000B5
set_max_gram@max_gram            cstackBANK1  000B3
set_max_gram@p                   cstackBANK1  000C7
set_max_gram@valstr              cstackBANK1  000B7
set_segments@k                   cstackBANK0  00020
set_segments@length              cstackCOMMON 00079
set_segments@p                   cstackBANK0  00021
set_segments@pos                 cstackCOMMON 0007A
set_segments@segments            cstackCOMMON 00078
sprintf@ap                       cstackBANK1  000AC
sprintf@f                        cstackBANK1  000AE
sprintf@fmt                      cstackBANK1  000A5
sprintf@s                        cstackBANK1  000AD
start                            init         00002
start_initialization             cinit        007CD
start_segment@p                  cstackCOMMON 00072
stop_segment@p                   cstackCOMMON 00072
strlen@a                         cstackCOMMON 00073
strlen@s                         cstackCOMMON 00074
strncmp@_l                       cstackCOMMON 00070
strncmp@_r                       cstackCOMMON 00072
strncmp@l                        cstackCOMMON 00077
strncmp@n                        cstackCOMMON 00074
strncmp@r                        cstackCOMMON 00079
utoa@d                           cstackBANK0  00030
utoa@fp                          cstackBANK0  0003A
utoa@i                           cstackBANK0  00045
utoa@n                           cstackBANK0  0003D
utoa@p                           cstackBANK0  00038
utoa@w                           cstackBANK0  0003B
vfpfcnvrt@ap                     cstackBANK0  0004F
vfpfcnvrt@fmt                    cstackBANK0  0004E
vfpfcnvrt@fp                     cstackBANK0  0006C
vfpfcnvrt@ll                     cstackBANK0  0005C
vfpfcnvrt@llu                    cstackBANK0  00064
vfprintf@ap                      cstackBANK0  0006F
vfprintf@cfmt                    cstackBANK1  000A3
vfprintf@fmt                     cstackBANK0  0006D
vfprintf@fp                      cstackBANK1  000A2
write4bits@p                     cstackCOMMON 00075
write4bits@val                   cstackCOMMON 00073
write_byte@ack                   cstackCOMMON 00074
write_byte@b                     cstackCOMMON 00072
write_byte@data                  cstackCOMMON 00075
write_byte@i                     cstackCOMMON 00076
write_byte@p                     cstackCOMMON 00077
wtemp0                           (abs)        0007E


MODULE INFORMATION

Module		Function		Class		Link	Load	Size
C:\Program Files\Microchip\xc8\v2.32\pic\sources\c99\common\nf_sprintf.c
		_sprintf       		CODE           	1043	0000	40

C:\Program Files\Microchip\xc8\v2.32\pic\sources\c99\common\nf_sprintf.c estimated size: 40

C:\Program Files\Microchip\xc8\v2.32\pic\sources\c99\common\awdiv.c
		___awdiv       		CODE           	13ED	0000	95

C:\Program Files\Microchip\xc8\v2.32\pic\sources\c99\common\awdiv.c estimated size: 95

drink_meter.c
		_print_gram    		CODE           	14BD	0000	113
		_calc_percentage		CODE           	0C44	0000	228
		_set_max_gram  		CODE           	1105	0000	60
		_initialize    		CODE           	161B	0000	156

drink_meter.c estimated size: 557

C:\Program Files\Microchip\xc8\v2.32\pic\sources\c99\common\doprnt.c
		_vfpfcnvrt     		CODE           	037A	0000	508
		_pad           		CODE           	1283	0000	89
		_dtoa          		CODE           	0056	0000	368
		_vfprintf      		CODE           	1094	0000	54
		_utoa          		CODE           	0E12	0000	237

C:\Program Files\Microchip\xc8\v2.32\pic\sources\c99\common\doprnt.c estimated size: 1256

C:\Program Files\Microchip\xc8\v2.32\pic\sources\c99\common\lomod.c
		___lomod       		CODE           	144C	0000	113

C:\Program Files\Microchip\xc8\v2.32\pic\sources\c99\common\lomod.c estimated size: 113

i2c.c
		_i2c_start     		CODE           	1E48	0000	10
		_i2c_write     		CODE           	1EC1	0000	16
		_i2c_stop      		CODE           	1E27	0000	7
		_i2c_wait      		CODE           	1EB5	0000	12

i2c.c estimated size: 45

mcc_generated_files/pin_manager.c
		_PIN_MANAGER_Initialize		CODE           	1FA7	0000	27

mcc_generated_files/pin_manager.c estimated size: 27

C:\Program Files\Microchip\xc8\v2.32\pic\sources\c99\common\nf_fputs.c
		_fputs         		CODE           	106B	0000	41

C:\Program Files\Microchip\xc8\v2.32\pic\sources\c99\common\nf_fputs.c estimated size: 41

C:\Program Files\Microchip\xc8\v2.32\pic\sources\c99\common\putch.c
		_putch         		CODE           	0006	0000	1

C:\Program Files\Microchip\xc8\v2.32\pic\sources\c99\common\putch.c estimated size: 1

lcd_lib.c
		_lcd_cmd       		CODE           	1F0F	0000	24
		_lcd_backlight 		CODE           	1EF8	0000	23
		_lcd_set_cursor		CODE           	10CA	0000	59
		_lcd_clear     		CODE           	1141	0000	64
		_lcd_print     		CODE           	101F	0000	36
		_lcd_print_with		CODE           	1F27	0000	24
		_command       		CODE           	122A	0000	89
		_lcd_init      		CODE           	1757	0000	169
		_write4bits    		CODE           	1FC2	0000	27

lcd_lib.c estimated size: 515

C:\Program Files\Microchip\xc8\v2.32\pic\sources\c99\common\abs.c
		_abs           		CODE           	1F73	0000	26

C:\Program Files\Microchip\xc8\v2.32\pic\sources\c99\common\abs.c estimated size: 26

C:\Program Files\Microchip\xc8\v2.32\pic\sources\c99\common\aomod.c
		___aomod       		CODE           	0D28	0000	234

C:\Program Files\Microchip\xc8\v2.32\pic\sources\c99\common\aomod.c estimated size: 234

C:\Program Files\Microchip\xc8\v2.32\pic\sources\c99\common\lodiv.c
		___lodiv       		CODE           	0805	0000	132

C:\Program Files\Microchip\xc8\v2.32\pic\sources\c99\common\lodiv.c estimated size: 132

C:\Program Files\Microchip\xc8\v2.32\pic\sources\c99\common\strncmp.c
		_strncmp       		CODE           	1391	0000	92

C:\Program Files\Microchip\xc8\v2.32\pic\sources\c99\common\strncmp.c estimated size: 92

shared
		__initialization		CODE           	07CD	0000	48

shared estimated size: 48

C:\Program Files\Microchip\xc8\v2.32\pic\sources\c99\common\sprcmul.c
		___flmul       		CODE           	0576	0000	599

C:\Program Files\Microchip\xc8\v2.32\pic\sources\c99\common\sprcmul.c estimated size: 599

loadcell.c
		_set_CELL_CLK_LOW		CODE           	1E5D	0000	11
		_get_scale_val 		CODE           	0B61	0000	227
		_scale_convert_gram		CODE           	16B7	0000	160
		_set_CELL_CLK_HIGH		CODE           	1E52	0000	11
		_get_CELL_DAT_VAL		CODE           	0889	0000	171

loadcell.c estimated size: 580

C:\Program Files\Microchip\xc8\v2.32\pic\sources\c99\common\awmod.c
		___awmod       		CODE           	1181	0000	83

C:\Program Files\Microchip\xc8\v2.32\pic\sources\c99\common\awmod.c estimated size: 83

mcc_generated_files/mcc.c
		_WDT_Initialize		CODE           	0801	0000	4
		_OSCILLATOR_Initialize		CODE           	1E20	0000	7
		_SYSTEM_Initialize		CODE           	1E3E	0000	10

mcc_generated_files/mcc.c estimated size: 21

C:\Program Files\Microchip\xc8\v2.32\pic\sources\c99\common\sprcdiv.c
		___fldiv       		CODE           	01C6	0000	436

C:\Program Files\Microchip\xc8\v2.32\pic\sources\c99\common\sprcdiv.c estimated size: 436

C:\Program Files\Microchip\xc8\v2.32\pic\sources\c99\common\Umul8_16.c
		__Umul8_16     		CODE           	1FDD	0000	35

C:\Program Files\Microchip\xc8\v2.32\pic\sources\c99\common\Umul8_16.c estimated size: 35

C:\Program Files\Microchip\xc8\v2.32\pic\sources\c99\common\fltol.c
		___fltol       		CODE           	152E	0000	117

C:\Program Files\Microchip\xc8\v2.32\pic\sources\c99\common\fltol.c estimated size: 117

C:\Program Files\Microchip\xc8\v2.32\pic\sources\c99\common\xxtofl.c
		___xxtofl      		CODE           	0934	0000	172

C:\Program Files\Microchip\xc8\v2.32\pic\sources\c99\common\xxtofl.c estimated size: 172

C:\Program Files\Microchip\xc8\v2.32\pic\sources\c99\common\nf_fputc.c
		_fputc         		CODE           	0007	0000	79

C:\Program Files\Microchip\xc8\v2.32\pic\sources\c99\common\nf_fputc.c estimated size: 79

C:\Program Files\Microchip\xc8\v2.32\pic\sources\c99\common\aodiv.c
		___aodiv       		CODE           	0EFF	0000	257

C:\Program Files\Microchip\xc8\v2.32\pic\sources\c99\common\aodiv.c estimated size: 257

C:\Program Files\Microchip\xc8\v2.32\pic\sources\c99\common\__lldiv.c
		___lldiv       		CODE           	12DC	0000	90

C:\Program Files\Microchip\xc8\v2.32\pic\sources\c99\common\__lldiv.c estimated size: 90

main.c
		_main          		CODE           	0A9A	0000	199

main.c estimated size: 199

C:\Program Files\Microchip\xc8\v2.32\pic\sources\c99\common\strlen.c
		_strlen        		CODE           	1F8D	0000	26

C:\Program Files\Microchip\xc8\v2.32\pic\sources\c99\common\strlen.c estimated size: 26

tm1637.c
		_set_segments  		CODE           	1336	0000	91
		_print_digit   		CODE           	09E0	0000	186
		_set_brigthness		CODE           	1EE4	0000	20
		_CLK_SET_LOW   		CODE           	1E73	0000	11
		_stop_segment  		CODE           	1F59	0000	26
		_CLK_SET_HIGH  		CODE           	1E68	0000	11
		_start_segment 		CODE           	1F3F	0000	26
		_encode_digit  		CODE           	1E2E	0000	8
		_DIO_SET_LOW   		CODE           	1E94	0000	11
		_write_byte    		CODE           	11D4	0000	86
		_DIO_SET_HIGH  		CODE           	1E89	0000	11
		_CLK_SET_OUTPUT		CODE           	1E7E	0000	11
		_DIO_SET_INPUT 		CODE           	1EAA	0000	11
		_get_DIO_PIN_value		CODE           	15A3	0000	120
		_DIO_SET_OUTPUT		CODE           	1E9F	0000	11
		_initialize_digit		CODE           	1ED1	0000	19

tm1637.c estimated size: 659

