Microchip MPLAB XC8 Compiler V2.32

Linker command line:

-W-3 --edf=C:\Program Files\Microchip\xc8\v2.32\pic\dat\en_msgs.txt -cn \
  -h+dist/default/production\DrinkMeter.X.production.sym \
  --cmf=dist/default/production\DrinkMeter.X.production.cmf -z -Q16F1827 \
  -oC:\Users\dexte\AppData\Local\Temp\xcAs4no.4 --defsym=__MPLAB_BUILD=1 \
  -Mdist/default/production/DrinkMeter.X.production.map -E1 \
  -ver=XC8 Compiler --acfsm=1493 -ASTACK=02031h-0216Fh -pstack=STACK \
  -ACODE=00h-07FFhx2 -ASTRCODE=00h-0FFFh -ASTRING=00h-0FFhx16 \
  -ACONST=00h-0FFhx16 -AENTRY=00h-0FFhx16 -ACOMMON=070h-07Fh \
  -ABANK0=020h-06Fh -ABANK1=0A0h-0EFh -ABANK2=0120h-016Fh \
  -ABANK3=01A0h-01EFh -ABANK4=0220h-024Fh -ABIGRAM=02000h-0216Fh \
  -ARAM=020h-06Fh,0A0h-0EFh,0120h-016Fh,01A0h-01EFh,0220h-024Fh \
  -AABS1=020h-07Fh,0A0h-0EFh,0120h-016Fh,01A0h-01EFh,0220h-024Fh \
  -ASFR0=00h-01Fh -ASFR1=080h-09Fh -ASFR2=0100h-011Fh -ASFR3=0180h-019Fh \
  -ASFR4=0200h-021Fh -ASFR5=0280h-02EFh -ASFR6=0300h-036Fh \
  -ASFR7=0380h-03EFh -ASFR8=0400h-046Fh -ASFR9=0480h-04EFh \
  -ASFR10=0500h-056Fh -ASFR11=0580h-05EFh -ASFR12=0600h-066Fh \
  -ASFR13=0680h-06EFh -ASFR14=0700h-076Fh -ASFR15=0780h-07EFh \
  -ASFR16=0800h-086Fh -ASFR17=0880h-08EFh -ASFR18=0900h-096Fh \
  -ASFR19=0980h-09EFh -ASFR20=0A00h-0A6Fh -ASFR21=0A80h-0AEFh \
  -ASFR22=0B00h-0B6Fh -ASFR23=0B80h-0BEFh -ASFR24=0C00h-0C6Fh \
  -ASFR25=0C80h-0CEFh -ASFR26=0D00h-0D6Fh -ASFR27=0D80h-0DEFh \
  -ASFR28=0E00h-0E6Fh -ASFR29=0E80h-0EEFh -ASFR30=0F00h-0F6Fh \
  -ASFR31=0F80h-0FEFh -ACONFIG=08007h-08008h -DCONFIG=2 \
  -AIDLOC=08000h-08003h -DIDLOC=2 -AEEDATA=00h-0FFh/0F000h \
  -peeprom_data=EEDATA -DEEDATA=2 -DCODE=2 -DSTRCODE=2 -DSTRING=2 -DCONST=2 \
  -DENTRY=2 -preset_vec=00h,intentry,init,end_init -ppowerup=CODE \
  -pcinit=CODE -pfunctab=ENTRY -k \
  C:\Users\dexte\AppData\Local\Temp\xcAs4no.o \
  dist/default/production\DrinkMeter.X.production.o 

Object code version is 3.11

Machine type is 16F1827



                Name                               Link     Load   Length Selector   Space Scale
C:\Users\dexte\AppData\Local\Temp\xcAs4no.o
                end_init                              2        2        2        0       0
                reset_vec                             0        0        2        0       0
                config                             8007     8007        2        0       4
dist/default/production\DrinkMeter.X.production.o
                cinit                               7E9      7E9       17      FD2       0
                config                             8007     8007        2        0       4
                text19                              64F      64F        7      C9E       0
                text18                              6B6      6B6       16      D6C       0
                text17                              622      622        4      C44       0
                text16                              65E      65E        A      CBC       0
                text15                              619      619        3      C32       0
                text14                              62B      62B        6      C56       0
                text13                              631      631        6      C62       0
                text12                              61C      61C        3      C38       0
                text11                              637      637        6      C6E       0
                text10                              63D      63D        6      C7A       0
                text9                               668      668       13      CD0       0
                text8                               67B      67B       13      CF6       0
                text7                               61F      61F        3      C3E       0
                text6                               626      626        5      C4C       0
                text5                               71D      71D       49      E3A       0
                text4                               6E2      6E2       3B      DC4       0
                text3                               68E      68E       13      D1C       0
                text2                               656      656        8      CAC       0
                text1                               6A1      6A1       15      D42       0
                maintext                            766      766       83      ECC       0
                cstackBANK0                          47       47        A       20       1
                cstackCOMMON                         70       70        E       70       1
                clrtext                             643      643        6      C86       0
                inittext                            649      649        6      C92       0
                dataBANK0                            20       20       16       20       1
                bssBANK0                             36       36       11       20       1
                stringtext1                         800      800        2     1000       0
                idataBANK0                          6CC      6CC       16      D98       0

TOTAL           Name                               Link     Load   Length     Space
        CLASS   STACK          

        CLASS   CODE           
                end_init                              2        2        2         0
                cinit                               7E9      7E9       17         0
                reset_vec                             0        0        2         0
                text19                              64F      64F        7         0
                text18                              6B6      6B6       16         0
                text17                              622      622        4         0
                text16                              65E      65E        A         0
                text15                              619      619        3         0
                text14                              62B      62B        6         0
                text13                              631      631        6         0
                text12                              61C      61C        3         0
                text11                              637      637        6         0
                text10                              63D      63D        6         0
                text9                               668      668       13         0
                text8                               67B      67B       13         0
                text7                               61F      61F        3         0
                text6                               626      626        5         0
                text5                               71D      71D       49         0
                text4                               6E2      6E2       3B         0
                text3                               68E      68E       13         0
                text2                               656      656        8         0
                text1                               6A1      6A1       15         0
                maintext                            766      766       83         0
                clrtext                             643      643        6         0
                inittext                            649      649        6         0
                idataBANK0                          6CC      6CC       16         0

        CLASS   STRCODE        
                stringtext1                         800      800        2         0

        CLASS   STRING         

        CLASS   CONST          

        CLASS   ENTRY          

        CLASS   COMMON         
                cstackCOMMON                         70       70        E         1

        CLASS   BANK0          
                cstackBANK0                          47       47        A         1
                dataBANK0                            20       20       16         1
                bssBANK0                             36       36       11         1

        CLASS   BANK1          

        CLASS   BANK2          

        CLASS   BANK3          

        CLASS   BANK4          

        CLASS   BIGRAM         

        CLASS   RAM            

        CLASS   ABS1           
                abs_s1                               7E       7E        2         1

        CLASS   SFR0           

        CLASS   SFR1           

        CLASS   SFR2           

        CLASS   SFR3           

        CLASS   SFR4           

        CLASS   SFR5           

        CLASS   SFR6           

        CLASS   SFR7           

        CLASS   SFR8           

        CLASS   SFR9           

        CLASS   SFR10          

        CLASS   SFR11          

        CLASS   SFR12          

        CLASS   SFR13          

        CLASS   SFR14          

        CLASS   SFR15          

        CLASS   SFR16          

        CLASS   SFR17          

        CLASS   SFR18          

        CLASS   SFR19          

        CLASS   SFR20          

        CLASS   SFR21          

        CLASS   SFR22          

        CLASS   SFR23          

        CLASS   SFR24          

        CLASS   SFR25          

        CLASS   SFR26          

        CLASS   SFR27          

        CLASS   SFR28          

        CLASS   SFR29          

        CLASS   SFR30          

        CLASS   SFR31          

        CLASS   CONFIG         
                config                             8007     8007        2         4

        CLASS   IDLOC          

        CLASS   EEDATA         

        CLASS   BANK31         

        CLASS   BANK30         

        CLASS   BANK29         

        CLASS   BANK28         

        CLASS   BANK27         

        CLASS   BANK26         

        CLASS   BANK25         

        CLASS   BANK24         

        CLASS   BANK23         

        CLASS   BANK22         

        CLASS   BANK21         

        CLASS   BANK20         

        CLASS   BANK19         

        CLASS   BANK18         

        CLASS   BANK17         

        CLASS   BANK16         

        CLASS   BANK15         

        CLASS   BANK14         

        CLASS   BANK13         

        CLASS   BANK12         

        CLASS   BANK11         

        CLASS   BANK10         

        CLASS   BANK9          

        CLASS   BANK8          

        CLASS   BANK7          

        CLASS   BANK6          

        CLASS   BANK5          



SEGMENTS        Name                           Load    Length   Top    Selector   Space  Class     Delta

                reset_vec                      000000  000004  000004         0       0  CODE        2
                dataBANK0                      000020  000031  000051        20       1  BANK0       1
                cstackCOMMON                   000070  00000E  00007E        70       1  COMMON      1
                text15                         000619  000003  00061C       C32       0  CODE        2
                text12                         00061C  000003  00061F       C38       0  CODE        2
                text7                          00061F  000003  000622       C3E       0  CODE        2
                text17                         000622  000004  000626       C44       0  CODE        2
                text6                          000626  000005  00062B       C4C       0  CODE        2
                text14                         00062B  000006  000631       C56       0  CODE        2
                text13                         000631  000006  000637       C62       0  CODE        2
                text11                         000637  000006  00063D       C6E       0  CODE        2
                text10                         00063D  000006  000643       C7A       0  CODE        2
                clrtext                        000643  000006  000649       C86       0  CODE        2
                inittext                       000649  000006  00064F       C92       0  CODE        2
                text19                         00064F  000007  000656       C9E       0  CODE        2
                text2                          000656  000008  00065E       CAC       0  CODE        2
                text16                         00065E  00000A  000668       CBC       0  CODE        2
                text9                          000668  000013  00067B       CD0       0  CODE        2
                text8                          00067B  000013  00068E       CF6       0  CODE        2
                text3                          00068E  000013  0006A1       D1C       0  CODE        2
                text1                          0006A1  000015  0006B6       D42       0  CODE        2
                text18                         0006B6  000016  0006CC       D6C       0  CODE        2
                idataBANK0                     0006CC  000016  0006E2       D98       0  CODE        2
                text4                          0006E2  00003B  00071D       DC4       0  CODE        2
                text5                          00071D  000049  000766       E3A       0  CODE        2
                maintext                       000766  000083  0007E9       ECC       0  CODE        2
                cinit                          0007E9  000017  000800       FD2       0  CODE        2
                stringtext1                    000800  000002  000802      1000       0  STRCODE     2


UNUSED ADDRESS RANGES

        Name                Unused          Largest block    Delta
        BANK0            00051-0006F              1F           1
        BANK1            000A0-000EF              50           1
        BANK2            00120-0016F              50           1
        BANK3            001A0-001EF              50           1
        BANK4            00220-0024F              30           1
        BIGRAM           02000-0216F             170           1
        CODE             00004-00618             615           2
                         00802-00FFF             7FE
        CONST            00004-00618             100           2
                         00802-00FFF             100
        EEDATA           0F000-0F0FF             100           2
        ENTRY            00004-00618             100           2
                         00802-00FFF             100
        IDLOC            08000-08003               4           2
        RAM              00051-0006F              1F           1
                         000A0-000EF              50
                         00120-0016F              50
                         001A0-001EF              50
                         00220-0024F              30
        SFR0             00000-0001F              20           1
        SFR1             00080-0009F              20           1
        SFR10            00500-0056F              70           1
        SFR11            00580-005EF              70           1
        SFR12            00600-0066F              70           1
        SFR13            00680-006EF              70           1
        SFR14            00700-0076F              70           1
        SFR15            00780-007EF              70           1
        SFR16            00800-0086F              70           1
        SFR17            00880-008EF              70           1
        SFR18            00900-0096F              70           1
        SFR19            00980-009EF              70           1
        SFR2             00100-0011F              20           1
        SFR20            00A00-00A6F              70           1
        SFR21            00A80-00AEF              70           1
        SFR22            00B00-00B6F              70           1
        SFR23            00B80-00BEF              70           1
        SFR24            00C00-00C6F              70           1
        SFR25            00C80-00CEF              70           1
        SFR26            00D00-00D6F              70           1
        SFR27            00D80-00DEF              70           1
        SFR28            00E00-00E6F              70           1
        SFR29            00E80-00EEF              70           1
        SFR3             00180-0019F              20           1
        SFR30            00F00-00F6F              70           1
        SFR31            00F80-00FEF              70           1
        SFR4             00200-0021F              20           1
        SFR5             00280-002EF              70           1
        SFR6             00300-0036F              70           1
        SFR7             00380-003EF              70           1
        SFR8             00400-0046F              70           1
        SFR9             00480-004EF              70           1
        STACK            02031-0216F             13F           1
        STRCODE          00004-00618             615           2
                         00802-00FFF             7FE
        STRING           00004-00618             100           2
                         00802-00FFF             100

                                  Symbol Table

_ANSELA                          (abs)        0018C
_ANSELB                          (abs)        0018D
_APFCON0                         (abs)        0011D
_APFCON1                         (abs)        0011E
_BORCON                          (abs)        00116
_CLK_SET_HIGH                    text15       00619
_CLK_SET_LOW                     text14       0062B
_CLK_SET_OUTPUT                  text13       00631
_DIO_SET_HIGH                    text12       0061C
_DIO_SET_INPUT                   text7        0061F
_DIO_SET_LOW                     text11       00637
_DIO_SET_OUTPUT                  text10       0063D
_LATA                            (abs)        0010C
_LATB                            (abs)        0010D
_OPTION_REGbits                  (abs)        00095
_OSCCON                          (abs)        00099
_OSCILLATOR_Initialize           text19       0064F
_OSCTUNE                         (abs)        00098
_PIN_MANAGER_Initialize          text18       006B6
_PORTAbits                       (abs)        0000C
_SSPBUF                          (abs)        00211
_SSPCON1bits                     (abs)        00215
_SSPCON2                         (abs)        00216
_SSPCON2bits                     (abs)        00216
_SSPSTAT                         (abs)        00214
_SSPSTATbits                     (abs)        00214
_SYSTEM_Initialize               text16       0065E
_TRISA                           (abs)        0008C
_TRISB                           (abs)        0008D
_WDTCON                          (abs)        00097
_WDT_Initialize                  text17       00622
_WPUA                            (abs)        0020C
_WPUB                            (abs)        0020D
__Habs1                          abs1         00000
__Hbank0                         bank0        00000
__Hbank1                         bank1        00000
__Hbank10                        bank10       00000
__Hbank11                        bank11       00000
__Hbank12                        bank12       00000
__Hbank13                        bank13       00000
__Hbank14                        bank14       00000
__Hbank15                        bank15       00000
__Hbank16                        bank16       00000
__Hbank17                        bank17       00000
__Hbank18                        bank18       00000
__Hbank19                        bank19       00000
__Hbank2                         bank2        00000
__Hbank20                        bank20       00000
__Hbank21                        bank21       00000
__Hbank22                        bank22       00000
__Hbank23                        bank23       00000
__Hbank24                        bank24       00000
__Hbank25                        bank25       00000
__Hbank26                        bank26       00000
__Hbank27                        bank27       00000
__Hbank28                        bank28       00000
__Hbank29                        bank29       00000
__Hbank3                         bank3        00000
__Hbank30                        bank30       00000
__Hbank31                        bank31       00000
__Hbank4                         bank4        00000
__Hbank5                         bank5        00000
__Hbank6                         bank6        00000
__Hbank7                         bank7        00000
__Hbank8                         bank8        00000
__Hbank9                         bank9        00000
__Hbigram                        bigram       00000
__HbssBANK0                      bssBANK0     00000
__Hcinit                         cinit        00800
__Hclrtext                       clrtext      00000
__Hcode                          code         00000
__Hcommon                        common       00000
__Hconfig                        config       08009
__HcstackBANK0                   cstackBANK0  00000
__HcstackCOMMON                  cstackCOMMON 00000
__HdataBANK0                     dataBANK0    00000
__Heeprom_data                   eeprom_data  00000
__Hend_init                      end_init     00004
__Hfunctab                       functab      00000
__HidataBANK0                    idataBANK0   00000
__Hinit                          init         00002
__Hinittext                      inittext     00000
__Hintentry                      intentry     00002
__Hmaintext                      maintext     00000
__Hpowerup                       powerup      00000
__Hram                           ram          00000
__Hreset_vec                     reset_vec    00002
__Hsfr0                          sfr0         00000
__Hsfr1                          sfr1         00000
__Hsfr10                         sfr10        00000
__Hsfr11                         sfr11        00000
__Hsfr12                         sfr12        00000
__Hsfr13                         sfr13        00000
__Hsfr14                         sfr14        00000
__Hsfr15                         sfr15        00000
__Hsfr16                         sfr16        00000
__Hsfr17                         sfr17        00000
__Hsfr18                         sfr18        00000
__Hsfr19                         sfr19        00000
__Hsfr2                          sfr2         00000
__Hsfr20                         sfr20        00000
__Hsfr21                         sfr21        00000
__Hsfr22                         sfr22        00000
__Hsfr23                         sfr23        00000
__Hsfr24                         sfr24        00000
__Hsfr25                         sfr25        00000
__Hsfr26                         sfr26        00000
__Hsfr27                         sfr27        00000
__Hsfr28                         sfr28        00000
__Hsfr29                         sfr29        00000
__Hsfr3                          sfr3         00000
__Hsfr30                         sfr30        00000
__Hsfr31                         sfr31        00000
__Hsfr4                          sfr4         00000
__Hsfr5                          sfr5         00000
__Hsfr6                          sfr6         00000
__Hsfr7                          sfr7         00000
__Hsfr8                          sfr8         00000
__Hsfr9                          sfr9         00000
__Hspace_0                       (abs)        00802
__Hspace_1                       (abs)        0007E
__Hspace_2                       (abs)        00000
__Hspace_3                       (abs)        00000
__Hspace_4                       (abs)        10010
__Hstack                         stack        00000
__Hstrings                       strings      00000
__Hstringtext1                   stringtext1  00000
__Hstringtext2                   stringtext2  00000
__Htext                          text         00000
__Labs1                          abs1         00000
__Lbank0                         bank0        00000
__Lbank1                         bank1        00000
__Lbank10                        bank10       00000
__Lbank11                        bank11       00000
__Lbank12                        bank12       00000
__Lbank13                        bank13       00000
__Lbank14                        bank14       00000
__Lbank15                        bank15       00000
__Lbank16                        bank16       00000
__Lbank17                        bank17       00000
__Lbank18                        bank18       00000
__Lbank19                        bank19       00000
__Lbank2                         bank2        00000
__Lbank20                        bank20       00000
__Lbank21                        bank21       00000
__Lbank22                        bank22       00000
__Lbank23                        bank23       00000
__Lbank24                        bank24       00000
__Lbank25                        bank25       00000
__Lbank26                        bank26       00000
__Lbank27                        bank27       00000
__Lbank28                        bank28       00000
__Lbank29                        bank29       00000
__Lbank3                         bank3        00000
__Lbank30                        bank30       00000
__Lbank31                        bank31       00000
__Lbank4                         bank4        00000
__Lbank5                         bank5        00000
__Lbank6                         bank6        00000
__Lbank7                         bank7        00000
__Lbank8                         bank8        00000
__Lbank9                         bank9        00000
__Lbigram                        bigram       00000
__LbssBANK0                      bssBANK0     00000
__Lcinit                         cinit        007E9
__Lclrtext                       clrtext      00000
__Lcode                          code         00000
__Lcommon                        common       00000
__Lconfig                        config       00000
__LcstackBANK0                   cstackBANK0  00000
__LcstackCOMMON                  cstackCOMMON 00000
__LdataBANK0                     dataBANK0    00000
__Leeprom_data                   eeprom_data  00000
__Lend_init                      end_init     00002
__Lfunctab                       functab      00000
__LidataBANK0                    idataBANK0   00000
__Linit                          init         00002
__Linittext                      inittext     00000
__Lintentry                      intentry     00002
__Lmaintext                      maintext     00000
__Lpowerup                       powerup      00000
__Lram                           ram          00000
__Lreset_vec                     reset_vec    00000
__Lsfr0                          sfr0         00000
__Lsfr1                          sfr1         00000
__Lsfr10                         sfr10        00000
__Lsfr11                         sfr11        00000
__Lsfr12                         sfr12        00000
__Lsfr13                         sfr13        00000
__Lsfr14                         sfr14        00000
__Lsfr15                         sfr15        00000
__Lsfr16                         sfr16        00000
__Lsfr17                         sfr17        00000
__Lsfr18                         sfr18        00000
__Lsfr19                         sfr19        00000
__Lsfr2                          sfr2         00000
__Lsfr20                         sfr20        00000
__Lsfr21                         sfr21        00000
__Lsfr22                         sfr22        00000
__Lsfr23                         sfr23        00000
__Lsfr24                         sfr24        00000
__Lsfr25                         sfr25        00000
__Lsfr26                         sfr26        00000
__Lsfr27                         sfr27        00000
__Lsfr28                         sfr28        00000
__Lsfr29                         sfr29        00000
__Lsfr3                          sfr3         00000
__Lsfr30                         sfr30        00000
__Lsfr31                         sfr31        00000
__Lsfr4                          sfr4         00000
__Lsfr5                          sfr5         00000
__Lsfr6                          sfr6         00000
__Lsfr7                          sfr7         00000
__Lsfr8                          sfr8         00000
__Lsfr9                          sfr9         00000
__Lspace_0                       (abs)        00000
__Lspace_1                       (abs)        00000
__Lspace_2                       (abs)        00000
__Lspace_3                       (abs)        00000
__Lspace_4                       (abs)        00000
__Lstack                         stack        00000
__Lstrings                       strings      00000
__Lstringtext1                   stringtext1  00000
__Lstringtext2                   stringtext2  00000
__Ltext                          text         00000
__S0                             (abs)        00802
__S1                             (abs)        0007E
__S2                             (abs)        00000
__S3                             (abs)        00000
___int_sp                        stack        00000
___latbits                       (abs)        00001
___sp                            stack        00000
___stackhi                       (abs)        0216F
___stacklo                       (abs)        02031
__end_of_CLK_SET_HIGH            text15       0061C
__end_of_CLK_SET_LOW             text14       00631
__end_of_CLK_SET_OUTPUT          text13       00637
__end_of_DIO_SET_HIGH            text12       0061F
__end_of_DIO_SET_INPUT           text7        00622
__end_of_DIO_SET_LOW             text11       0063D
__end_of_DIO_SET_OUTPUT          text10       00643
__end_of_OSCILLATOR_Initialize   text19       00656
__end_of_PIN_MANAGER_Initialize  text18       006CC
__end_of_SYSTEM_Initialize       text16       00668
__end_of_WDT_Initialize          text17       00626
__end_of__initialization         cinit        007FD
__end_of_clear_segment           text3        006A1
__end_of_encode_digit            text2        0065E
__end_of_get_DIO_PIN_value       text6        0062B
__end_of_main                    maintext     007E9
__end_of_set_brigthness          text1        006B6
__end_of_set_segments            text4        0071D
__end_of_start_segment           text9        0067B
__end_of_stop_segment            text8        0068E
__end_of_write_byte              text5        00766
__initialization                 cinit        007E9
__pbssBANK0                      bssBANK0     00036
__pcstackBANK0                   cstackBANK0  00047
__pcstackCOMMON                  cstackCOMMON 00070
__pdataBANK0                     dataBANK0    00020
__pidataBANK0                    idataBANK0   006CC
__pmaintext                      maintext     00766
__pstringtext1                   stringtext1  00800
__pstringtext2                   stringtext2  00000
__ptext1                         text1        006A1
__ptext10                        text10       0063D
__ptext11                        text11       00637
__ptext12                        text12       0061C
__ptext13                        text13       00631
__ptext14                        text14       0062B
__ptext15                        text15       00619
__ptext16                        text16       0065E
__ptext17                        text17       00622
__ptext18                        text18       006B6
__ptext19                        text19       0064F
__ptext2                         text2        00656
__ptext3                         text3        0068E
__ptext4                         text4        006E2
__ptext5                         text5        0071D
__ptext6                         text6        00626
__ptext7                         text7        0061F
__ptext8                         text8        0067B
__ptext9                         text9        00668
__size_of_CLK_SET_HIGH           (abs)        00000
__size_of_CLK_SET_LOW            (abs)        00000
__size_of_CLK_SET_OUTPUT         (abs)        00000
__size_of_DIO_SET_HIGH           (abs)        00000
__size_of_DIO_SET_INPUT          (abs)        00000
__size_of_DIO_SET_LOW            (abs)        00000
__size_of_DIO_SET_OUTPUT         (abs)        00000
__size_of_OSCILLATOR_Initialize  (abs)        00000
__size_of_PIN_MANAGER_Initialize (abs)        00000
__size_of_SYSTEM_Initialize      (abs)        00000
__size_of_WDT_Initialize         (abs)        00000
__size_of_clear_segment          (abs)        00000
__size_of_encode_digit           (abs)        00000
__size_of_get_DIO_PIN_value      (abs)        00000
__size_of_main                   (abs)        00000
__size_of_set_brigthness         (abs)        00000
__size_of_set_segments           (abs)        00000
__size_of_start_segment          (abs)        00000
__size_of_stop_segment           (abs)        00000
__size_of_write_byte             (abs)        00000
_clear_segment                   text3        0068E
_encode_digit                    text2        00656
_get_DIO_PIN_value               text6        00626
_m_brightness                    bssBANK0     00046
_main                            maintext     00766
_segdata                         dataBANK0    00020
_set_brigthness                  text1        006A1
_set_segments                    text4        006E2
_start_segment                   text9        00668
_stop_segment                    text8        0067B
_write_byte                      text5        0071D
btemp                            (abs)        0007E
clear_ram0                       clrtext      00643
clear_segment@data               cstackBANK0  00047
encode_digit@digit               cstackCOMMON 00070
end_of_initialization            cinit        007FD
init_ram                         inittext     00649
intlevel0                        functab      00000
intlevel1                        functab      00000
intlevel2                        functab      00000
intlevel3                        functab      00000
intlevel4                        functab      00000
intlevel5                        functab      00000
lcd_set_cursor@F2546             dataBANK0    0002A
main@F2565                       bssBANK0     00036
main@F2567                       dataBANK0    00032
main@F2569                       dataBANK0    0002E
main@data                        cstackBANK0  0004C
main@i                           cstackBANK0  00050
main@k                           cstackBANK0  0004B
reset_vec                        reset_vec    00000
set_brigthness@brightness        cstackCOMMON 00072
set_brigthness@on                cstackCOMMON 00070
set_segments@k                   cstackCOMMON 0007A
set_segments@length              cstackCOMMON 00076
set_segments@pos                 cstackCOMMON 00077
set_segments@segments            cstackCOMMON 00079
start                            init         00002
start_initialization             cinit        007E9
write_byte@ack                   cstackCOMMON 00073
write_byte@b                     cstackCOMMON 00072
write_byte@data                  cstackCOMMON 00074
write_byte@i                     cstackCOMMON 00075
wtemp0                           (abs)        0007E


MODULE INFORMATION

Module		Function		Class		Link	Load	Size
mcc_generated_files/pin_manager.c
		_PIN_MANAGER_Initialize		CODE           	06B6	0000	22

mcc_generated_files/pin_manager.c estimated size: 22

shared
		__initialization		CODE           	07E9	0000	20

shared estimated size: 20

mcc_generated_files/mcc.c
		_WDT_Initialize		CODE           	0622	0000	4
		_OSCILLATOR_Initialize		CODE           	064F	0000	7
		_SYSTEM_Initialize		CODE           	065E	0000	10

mcc_generated_files/mcc.c estimated size: 21

main.c
		_main          		CODE           	0766	0000	131

main.c estimated size: 131

tm1637.c
		_set_segments  		CODE           	06E2	0000	59
		_set_brigthness		CODE           	06A1	0000	21
		_CLK_SET_LOW   		CODE           	062B	0000	6
		_stop_segment  		CODE           	067B	0000	19
		_CLK_SET_HIGH  		CODE           	0619	0000	3
		_start_segment 		CODE           	0668	0000	19
		_clear_segment 		CODE           	068E	0000	19
		_encode_digit  		CODE           	0656	0000	8
		_DIO_SET_LOW   		CODE           	0637	0000	6
		_write_byte    		CODE           	071D	0000	73
		_DIO_SET_HIGH  		CODE           	061C	0000	3
		_CLK_SET_OUTPUT		CODE           	0631	0000	6
		_DIO_SET_INPUT 		CODE           	061F	0000	3
		_get_DIO_PIN_value		CODE           	0626	0000	5
		_DIO_SET_OUTPUT		CODE           	063D	0000	6

tm1637.c estimated size: 256

