Microchip MPLAB XC8 Compiler V2.32

Linker command line:

-W-3 --edf=C:\Program Files\Microchip\xc8\v2.32\pic\dat\en_msgs.txt -cn \
  -h+dist/default/production\DrinkMeter.X.production.sym \
  --cmf=dist/default/production\DrinkMeter.X.production.cmf -z -Q16F1938 \
  -oC:\Users\dexte\AppData\Local\Temp\xcAs9i4.4 --defsym=__MPLAB_BUILD=1 \
  -Mdist/default/production/DrinkMeter.X.production.map -E1 \
  -ver=XC8 Compiler --acfsm=1493 -ASTACK=020EDh-023EFh -pstack=STACK \
  -ACODE=00h-07FFhx8 -ASTRCODE=00h-03FFFh -ASTRING=00h-0FFhx64 \
  -ACONST=00h-0FFhx64 -AENTRY=00h-0FFhx64 -ACOMMON=070h-07Fh \
  -ABANK0=020h-06Fh -ABANK1=0A0h-0EFh -ABANK2=0120h-016Fh \
  -ABANK3=01A0h-01EFh -ABANK4=0220h-026Fh -ABANK5=02A0h-02EFh \
  -ABANK6=0320h-036Fh -ABANK7=03A0h-03EFh -ABANK8=0420h-046Fh \
  -ABANK9=04A0h-04EFh -ABANK10=0520h-056Fh -ABANK11=05A0h-05EFh \
  -ABANK12=0620h-064Fh -ABIGRAM=02000h-023EFh \
  -ARAM=020h-06Fh,0A0h-0EFh,0120h-016Fh,01A0h-01EFh,0220h-026Fh,02A0h-02EFh,0320h-036Fh,03A0h-03EFh,0420h-046Fh,04A0h-04EFh,0520h-056Fh,05A0h-05EFh,0620h-064Fh \
  -AABS1=020h-07Fh,0A0h-0EFh,0120h-016Fh,01A0h-01EFh,0220h-026Fh,02A0h-02EFh,0320h-036Fh,03A0h-03EFh,0420h-046Fh,04A0h-04EFh,0520h-056Fh,05A0h-05EFh,0620h-064Fh \
  -ASFR0=00h-01Fh -ASFR1=080h-09Fh -ASFR2=0100h-011Fh -ASFR3=0180h-019Fh \
  -ASFR4=0200h-021Fh -ASFR5=0280h-029Fh -ASFR6=0300h-031Fh \
  -ASFR7=0380h-039Fh -ASFR8=0400h-041Fh -ASFR9=0480h-049Fh \
  -ASFR10=0500h-051Fh -ASFR11=0580h-059Fh -ASFR12=0600h-061Fh \
  -ASFR13=0680h-06EFh -ASFR14=0700h-076Fh -ASFR15=0780h-07EFh \
  -ASFR16=0800h-086Fh -ASFR17=0880h-08EFh -ASFR18=0900h-096Fh \
  -ASFR19=0980h-09EFh -ASFR20=0A00h-0A6Fh -ASFR21=0A80h-0AEFh \
  -ASFR22=0B00h-0B6Fh -ASFR23=0B80h-0BEFh -ASFR24=0C00h-0C6Fh \
  -ASFR25=0C80h-0CEFh -ASFR26=0D00h-0D6Fh -ASFR27=0D80h-0DEFh \
  -ASFR28=0E00h-0E6Fh -ASFR29=0E80h-0EEFh -ASFR30=0F00h-0F6Fh \
  -ASFR31=0F80h-0FEFh -ACONFIG=08007h-08008h -DCONFIG=2 \
  -AIDLOC=08000h-08003h -DIDLOC=2 -AEEDATA=00h-0FFh/0F000h \
  -peeprom_data=EEDATA -DEEDATA=2 -DCODE=2 -DSTRCODE=2 -DSTRING=2 -DCONST=2 \
  -DENTRY=2 -preset_vec=00h,intentry,init,end_init -ppowerup=CODE \
  -pcinit=CODE -pfunctab=ENTRY -k \
  C:\Users\dexte\AppData\Local\Temp\xcAs9i4.o \
  dist/default/production\DrinkMeter.X.production.o 

Object code version is 3.11

Machine type is 16F1938



                Name                               Link     Load   Length Selector   Space Scale
C:\Users\dexte\AppData\Local\Temp\xcAs9i4.o
                end_init                              2        2        2        0       0
                reset_vec                             0        0        2        0       0
                config                             8007     8007        2        0       4
dist/default/production\DrinkMeter.X.production.o
                cinit                               7E5      7E5       1B      FCA       0
                config                             8007     8007        2        0       4
                text47                             1518     1518        7     2A30       0
                text46                             15EC     15EC       1B     2BD8       0
                text45                             1508     1508        4     2A10       0
                text44                             1526     1526        A     2A4C       0
                text43                             155E     155E       15     2ABC       0
                text42                             16E0     16E0       3C     2DC0       0
                text41                              8EA      8EA       5A     11D4       0
                text40                              CE7      CE7       A3     19CE       0
                text39                             1530     1530        A     2A60       0
                text38                             153A     153A        A     2A74       0
                text37                              E33      E33       E3     1C66       0
                text36                              433      433      1B4      866       0
                text35                              AD9      AD9       74     15B2       0
                text34                               25       25       AC       4A       0
                text33                              C4D      C4D       9A     189A       0
                text32                              9A0      9A0       5F     1340       0
                text31                              803      803        C     1006       0
                text30                             1544     1544        A     2A88       0
                text29                             151F     151F        7     2A3E       0
                text28                             154E     154E       10     2A9C       0
                text27                             1589     1589       17     2B12       0
                text26                             1573     1573       16     2AE6       0
                text25                             17A9     17A9       57     2F52       0
                text24                             1622     1622       24     2C44       0
                text23                             166E     166E       39     2CDC       0
                text22                             171C     171C       3E     2E38       0
                text21                             1607     1607       1B     2C0E       0
                text20                              D8A      D8A       A9     1B14       0
                text19                             15A0     15A0       18     2B40       0
                text18                              1C0      1C0      101      380       0
                text17                              F16      F16       EA     1E2C       0
                text16                             15B8     15B8       1A     2B70       0
                text15                                6        6        1        C       0
                text14                             175A     175A       4F     2EB4       0
                text13                              80F      80F       29     101E       0
                text12                             15D2     15D2       1A     2BA4       0
                text11                              838      838       59     1070       0
                text10                              2C1      2C1      172      582       0
                text9                               944      944       5C     1288       0
                text8                               BC9      BC9       84     1792       0
                text7                               A68      A68       71     14D0       0
                text6                                D1       D1       EF      1A2       0
                text5                               5E7      5E7      1FE      BCE       0
                text4                              16A7     16A7       39     2D4E       0
                text3                              1646     1646       28     2C8C       0
                text2                               B4D      B4D       7C     169A       0
                text1                               891      891       59     1122       0
                maintext                            9FF      9FF       69     13FE       0
                cstackBANK0                          20       20       50       20       1
                cstackCOMMON                         70       70        E       70       1
                cstackBANK1                          A0       A0       4D       A0       1
                clrtext                            150C     150C        6     2A18       0
                inittext                           1512     1512        6     2A24       0
                dataBANK2                           14F      14F       1E      120       1
                bssBANK2                            120      120       2F      120       1
                bssBANK1                             ED       ED        3       A0       1
                stringtext9                        183A     183A        2     3000       0
                stringtext8                        1837     1837        3     3000       0
                stringtext7                        1834     1834        3     3000       0
                stringtext6                        1831     1831        3     3000       0
                stringtext5                        182C     182C        5     3000       0
                stringtext4                        1824     1824        8     3000       0
                stringtext3                        181A     181A        A     3000       0
                stringtext2                        180F     180F        B     3000       0
                stringtext1                        1800     1800        F     3000       0
                idataBANK2                            7        7       1E        E       0

TOTAL           Name                               Link     Load   Length     Space
        CLASS   STACK          

        CLASS   CODE           
                end_init                              2        2        2         0
                cinit                               7E5      7E5       1B         0
                reset_vec                             0        0        2         0
                text47                             1518     1518        7         0
                text46                             15EC     15EC       1B         0
                text45                             1508     1508        4         0
                text44                             1526     1526        A         0
                text43                             155E     155E       15         0
                text42                             16E0     16E0       3C         0
                text41                              8EA      8EA       5A         0
                text40                              CE7      CE7       A3         0
                text39                             1530     1530        A         0
                text38                             153A     153A        A         0
                text37                              E33      E33       E3         0
                text36                              433      433      1B4         0
                text35                              AD9      AD9       74         0
                text34                               25       25       AC         0
                text33                              C4D      C4D       9A         0
                text32                              9A0      9A0       5F         0
                text31                              803      803        C         0
                text30                             1544     1544        A         0
                text29                             151F     151F        7         0
                text28                             154E     154E       10         0
                text27                             1589     1589       17         0
                text26                             1573     1573       16         0
                text25                             17A9     17A9       57         0
                text24                             1622     1622       24         0
                text23                             166E     166E       39         0
                text22                             171C     171C       3E         0
                text21                             1607     1607       1B         0
                text20                              D8A      D8A       A9         0
                text19                             15A0     15A0       18         0
                text18                              1C0      1C0      101         0
                text17                              F16      F16       EA         0
                text16                             15B8     15B8       1A         0
                text15                                6        6        1         0
                text14                             175A     175A       4F         0
                text13                              80F      80F       29         0
                text12                             15D2     15D2       1A         0
                text11                              838      838       59         0
                text10                              2C1      2C1      172         0
                text9                               944      944       5C         0
                text8                               BC9      BC9       84         0
                text7                               A68      A68       71         0
                text6                                D1       D1       EF         0
                text5                               5E7      5E7      1FE         0
                text4                              16A7     16A7       39         0
                text3                              1646     1646       28         0
                text2                               B4D      B4D       7C         0
                text1                               891      891       59         0
                maintext                            9FF      9FF       69         0
                clrtext                            150C     150C        6         0
                inittext                           1512     1512        6         0
                idataBANK2                            7        7       1E         0

        CLASS   STRCODE        
                stringtext9                        183A     183A        2         0
                stringtext8                        1837     1837        3         0
                stringtext7                        1834     1834        3         0
                stringtext6                        1831     1831        3         0
                stringtext5                        182C     182C        5         0
                stringtext4                        1824     1824        8         0
                stringtext3                        181A     181A        A         0
                stringtext2                        180F     180F        B         0
                stringtext1                        1800     1800        F         0

        CLASS   STRING         

        CLASS   CONST          

        CLASS   ENTRY          

        CLASS   COMMON         
                cstackCOMMON                         70       70        E         1

        CLASS   BANK0          
                cstackBANK0                          20       20       50         1

        CLASS   BANK1          
                cstackBANK1                          A0       A0       4D         1
                bssBANK1                             ED       ED        3         1

        CLASS   BANK2          
                dataBANK2                           14F      14F       1E         1
                bssBANK2                            120      120       2F         1

        CLASS   BANK3          

        CLASS   BANK4          

        CLASS   BANK5          

        CLASS   BANK6          

        CLASS   BANK7          

        CLASS   BANK8          

        CLASS   BANK9          

        CLASS   BANK10         

        CLASS   BANK11         

        CLASS   BANK12         

        CLASS   BIGRAM         

        CLASS   RAM            

        CLASS   ABS1           
                abs_s1                               7E       7E        2         1

        CLASS   SFR0           

        CLASS   SFR1           

        CLASS   SFR2           

        CLASS   SFR3           

        CLASS   SFR4           

        CLASS   SFR5           

        CLASS   SFR6           

        CLASS   SFR7           

        CLASS   SFR8           

        CLASS   SFR9           

        CLASS   SFR10          

        CLASS   SFR11          

        CLASS   SFR12          

        CLASS   SFR13          

        CLASS   SFR14          

        CLASS   SFR15          

        CLASS   SFR16          

        CLASS   SFR17          

        CLASS   SFR18          

        CLASS   SFR19          

        CLASS   SFR20          

        CLASS   SFR21          

        CLASS   SFR22          

        CLASS   SFR23          

        CLASS   SFR24          

        CLASS   SFR25          

        CLASS   SFR26          

        CLASS   SFR27          

        CLASS   SFR28          

        CLASS   SFR29          

        CLASS   SFR30          

        CLASS   SFR31          

        CLASS   CONFIG         
                config                             8007     8007        2         4

        CLASS   IDLOC          

        CLASS   EEDATA         

        CLASS   BANK31         

        CLASS   BANK30         

        CLASS   BANK29         

        CLASS   BANK28         

        CLASS   BANK27         

        CLASS   BANK26         

        CLASS   BANK25         

        CLASS   BANK24         

        CLASS   BANK23         

        CLASS   BANK22         

        CLASS   BANK21         

        CLASS   BANK20         

        CLASS   BANK19         

        CLASS   BANK18         

        CLASS   BANK17         

        CLASS   BANK16         

        CLASS   BANK15         

        CLASS   BANK14         

        CLASS   BANK13         



SEGMENTS        Name                           Load    Length   Top    Selector   Space  Class     Delta

                reset_vec                      000000  000004  000004         0       0  CODE        2
                text15                         000006  000001  000007         C       0  CODE        2
                idataBANK2                     000007  00001E  000025         E       0  CODE        2
                cstackBANK0                    000020  000050  000070        20       1  BANK0       1
                text34                         000025  0000AC  0000D1        4A       0  CODE        2
                cstackCOMMON                   000070  00000E  00007E        70       1  COMMON      1
                cstackBANK1                    0000A0  000050  0000F0        A0       1  BANK1       1
                bssBANK2                       000120  00004D  00016D       120       1  BANK2       1
                text6                          0000D1  0000EF  0001C0       1A2       0  CODE        2
                text18                         0001C0  000101  0002C1       380       0  CODE        2
                text10                         0002C1  000172  000433       582       0  CODE        2
                text36                         000433  0001B4  0005E7       866       0  CODE        2
                text5                          0005E7  0001FE  0007E5       BCE       0  CODE        2
                cinit                          0007E5  00001B  000800       FCA       0  CODE        2
                text31                         000803  00000C  00080F      1006       0  CODE        2
                text13                         00080F  000029  000838      101E       0  CODE        2
                text11                         000838  000059  000891      1070       0  CODE        2
                text1                          000891  000059  0008EA      1122       0  CODE        2
                text41                         0008EA  00005A  000944      11D4       0  CODE        2
                text9                          000944  00005C  0009A0      1288       0  CODE        2
                text32                         0009A0  00005F  0009FF      1340       0  CODE        2
                maintext                       0009FF  000069  000A68      13FE       0  CODE        2
                text7                          000A68  000071  000AD9      14D0       0  CODE        2
                text35                         000AD9  000074  000B4D      15B2       0  CODE        2
                text2                          000B4D  00007C  000BC9      169A       0  CODE        2
                text8                          000BC9  000084  000C4D      1792       0  CODE        2
                text33                         000C4D  00009A  000CE7      189A       0  CODE        2
                text40                         000CE7  0000A3  000D8A      19CE       0  CODE        2
                text20                         000D8A  0000A9  000E33      1B14       0  CODE        2
                text37                         000E33  0000E3  000F16      1C66       0  CODE        2
                text17                         000F16  0000EA  001000      1E2C       0  CODE        2
                text45                         001508  000004  00150C      2A10       0  CODE        2
                clrtext                        00150C  000006  001512      2A18       0  CODE        2
                inittext                       001512  000006  001518      2A24       0  CODE        2
                text47                         001518  000007  00151F      2A30       0  CODE        2
                text29                         00151F  000007  001526      2A3E       0  CODE        2
                text44                         001526  00000A  001530      2A4C       0  CODE        2
                text39                         001530  00000A  00153A      2A60       0  CODE        2
                text38                         00153A  00000A  001544      2A74       0  CODE        2
                text30                         001544  00000A  00154E      2A88       0  CODE        2
                text28                         00154E  000010  00155E      2A9C       0  CODE        2
                text43                         00155E  000015  001573      2ABC       0  CODE        2
                text26                         001573  000016  001589      2AE6       0  CODE        2
                text27                         001589  000017  0015A0      2B12       0  CODE        2
                text19                         0015A0  000018  0015B8      2B40       0  CODE        2
                text16                         0015B8  00001A  0015D2      2B70       0  CODE        2
                text12                         0015D2  00001A  0015EC      2BA4       0  CODE        2
                text46                         0015EC  00001B  001607      2BD8       0  CODE        2
                text21                         001607  00001B  001622      2C0E       0  CODE        2
                text24                         001622  000024  001646      2C44       0  CODE        2
                text3                          001646  000028  00166E      2C8C       0  CODE        2
                text23                         00166E  000039  0016A7      2CDC       0  CODE        2
                text4                          0016A7  000039  0016E0      2D4E       0  CODE        2
                text42                         0016E0  00003C  00171C      2DC0       0  CODE        2
                text22                         00171C  00003E  00175A      2E38       0  CODE        2
                text14                         00175A  00004F  0017A9      2EB4       0  CODE        2
                text25                         0017A9  000057  001800      2F52       0  CODE        2
                stringtext1                    001800  00003C  00183C      3000       0  STRCODE     2


UNUSED ADDRESS RANGES

        Name                Unused          Largest block    Delta
        BANK10           00520-0056F              50           1
        BANK11           005A0-005EF              50           1
        BANK12           00620-0064F              30           1
        BANK2            0016D-0016F               3           1
        BANK3            001A0-001EF              50           1
        BANK4            00220-0026F              50           1
        BANK5            002A0-002EF              50           1
        BANK6            00320-0036F              50           1
        BANK7            003A0-003EF              50           1
        BANK8            00420-0046F              50           1
        BANK9            004A0-004EF              50           1
        BIGRAM           02000-023EF             3F0           1
        CODE             00004-00005               2           2
                         00800-00802               3
                         01000-01507             508
                         0183C-03FFF             800
        CONST            00004-00005               2           2
                         00800-00802               3
                         01000-01507             100
                         0183C-03FFF             100
        EEDATA           0F000-0F0FF             100           2
        ENTRY            00004-00005               2           2
                         00800-00802               3
                         01000-01507             100
                         0183C-03FFF             100
        IDLOC            08000-08003               4           2
        RAM              0016D-0016F               3           1
                         001A0-001EF              50
                         00220-0026F              50
                         002A0-002EF              50
                         00320-0036F              50
                         003A0-003EF              50
                         00420-0046F              50
                         004A0-004EF              50
                         00520-0056F              50
                         005A0-005EF              50
                         00620-0064F              30
        SFR0             00000-0001F              20           1
        SFR1             00080-0009F              20           1
        SFR10            00500-0051F              20           1
        SFR11            00580-0059F              20           1
        SFR12            00600-0061F              20           1
        SFR13            00680-006EF              70           1
        SFR14            00700-0076F              70           1
        SFR15            00780-007EF              70           1
        SFR16            00800-0086F              70           1
        SFR17            00880-008EF              70           1
        SFR18            00900-0096F              70           1
        SFR19            00980-009EF              70           1
        SFR2             00100-0011F              20           1
        SFR20            00A00-00A6F              70           1
        SFR21            00A80-00AEF              70           1
        SFR22            00B00-00B6F              70           1
        SFR23            00B80-00BEF              70           1
        SFR24            00C00-00C6F              70           1
        SFR25            00C80-00CEF              70           1
        SFR26            00D00-00D6F              70           1
        SFR27            00D80-00DEF              70           1
        SFR28            00E00-00E6F              70           1
        SFR29            00E80-00EEF              70           1
        SFR3             00180-0019F              20           1
        SFR30            00F00-00F6F              70           1
        SFR31            00F80-00FEF              70           1
        SFR4             00200-0021F              20           1
        SFR5             00280-0029F              20           1
        SFR6             00300-0031F              20           1
        SFR7             00380-0039F              20           1
        SFR8             00400-0041F              20           1
        SFR9             00480-0049F              20           1
        STACK            020ED-023EF             303           1
        STRCODE          00004-00005               2           2
                         00800-00802               3
                         01000-01507             508
                         0183C-03FFF            27C4
        STRING           00004-00005               2           2
                         00800-00802               3
                         01000-01507             100
                         0183C-03FFF             100

                                  Symbol Table

?___aodiv                        cstackBANK0  00020
?___aomod                        cstackBANK0  00020
?___fldiv                        cstackCOMMON 00070
?___fltol                        cstackCOMMON 00070
?___lldiv                        cstackCOMMON 00070
?___lodiv                        cstackBANK0  00020
?___lomod                        cstackBANK0  00020
?___lwdiv                        cstackCOMMON 00070
?___xxtofl                       cstackCOMMON 00070
?_abs                            cstackCOMMON 00073
?_dtoa                           cstackBANK0  00030
?_get_CELL_DAT_VAL               cstackCOMMON 00070
?_get_scale_val                  cstackBANK0  00020
?_pad                            cstackBANK0  00024
?_sprintf                        cstackBANK1  000A5
?_strlen                         cstackCOMMON 00070
?_strncmp                        cstackCOMMON 00070
?_utoa                           cstackBANK0  00030
?_vfpfcnvrt                      cstackBANK0  0004E
?_vfprintf                       cstackBANK0  0006D
_ANSELA                          (abs)        0018C
_ANSELB                          (abs)        0018D
_APFCON                          (abs)        0011D
_BORCON                          (abs)        00116
_LATA                            (abs)        0010C
_LATB                            (abs)        0010D
_LATC                            (abs)        0010E
_LATE                            (abs)        00110
_OPTION_REGbits                  (abs)        00095
_OSCCON                          (abs)        00099
_OSCILLATOR_Initialize           text47       01518
_OSCTUNE                         (abs)        00098
_PIN_MANAGER_Initialize          text46       015EC
_PORTAbits                       (abs)        0000C
_PORTBbits                       (abs)        0000D
_SSPADD                          (abs)        00212
_SSPBUF                          (abs)        00211
_SSPCON1                         (abs)        00215
_SSPCON1bits                     (abs)        00215
_SSPCON2                         (abs)        00216
_SSPCON2bits                     (abs)        00216
_SSPSTAT                         (abs)        00214
_SSPSTATbits                     (abs)        00214
_SYSTEM_Initialize               text44       01526
_TRISA                           (abs)        0008C
_TRISB                           (abs)        0008D
_TRISC                           (abs)        0008E
_TRISE                           (abs)        00090
_WDTCON                          (abs)        00097
_WDT_Initialize                  text45       01508
_WPUB                            (abs)        0020D
_WPUE                            (abs)        00210
__Habs1                          abs1         00000
__Hbank0                         bank0        00000
__Hbank1                         bank1        00000
__Hbank10                        bank10       00000
__Hbank11                        bank11       00000
__Hbank12                        bank12       00000
__Hbank13                        bank13       00000
__Hbank14                        bank14       00000
__Hbank15                        bank15       00000
__Hbank16                        bank16       00000
__Hbank17                        bank17       00000
__Hbank18                        bank18       00000
__Hbank19                        bank19       00000
__Hbank2                         bank2        00000
__Hbank20                        bank20       00000
__Hbank21                        bank21       00000
__Hbank22                        bank22       00000
__Hbank23                        bank23       00000
__Hbank24                        bank24       00000
__Hbank25                        bank25       00000
__Hbank26                        bank26       00000
__Hbank27                        bank27       00000
__Hbank28                        bank28       00000
__Hbank29                        bank29       00000
__Hbank3                         bank3        00000
__Hbank30                        bank30       00000
__Hbank31                        bank31       00000
__Hbank4                         bank4        00000
__Hbank5                         bank5        00000
__Hbank6                         bank6        00000
__Hbank7                         bank7        00000
__Hbank8                         bank8        00000
__Hbank9                         bank9        00000
__Hbigram                        bigram       00000
__HbssBANK1                      bssBANK1     00000
__HbssBANK2                      bssBANK2     00000
__Hcinit                         cinit        00800
__Hclrtext                       clrtext      00000
__Hcode                          code         00000
__Hcommon                        common       00000
__Hconfig                        config       08009
__HcstackBANK0                   cstackBANK0  00000
__HcstackBANK1                   cstackBANK1  00000
__HcstackCOMMON                  cstackCOMMON 00000
__HdataBANK2                     dataBANK2    00000
__Heeprom_data                   eeprom_data  00000
__Hend_init                      end_init     00004
__Hfunctab                       functab      00000
__HidataBANK2                    idataBANK2   00000
__Hinit                          init         00002
__Hinittext                      inittext     00000
__Hintentry                      intentry     00002
__Hmaintext                      maintext     00000
__Hpowerup                       powerup      00000
__Hram                           ram          00000
__Hreset_vec                     reset_vec    00002
__Hsfr0                          sfr0         00000
__Hsfr1                          sfr1         00000
__Hsfr10                         sfr10        00000
__Hsfr11                         sfr11        00000
__Hsfr12                         sfr12        00000
__Hsfr13                         sfr13        00000
__Hsfr14                         sfr14        00000
__Hsfr15                         sfr15        00000
__Hsfr16                         sfr16        00000
__Hsfr17                         sfr17        00000
__Hsfr18                         sfr18        00000
__Hsfr19                         sfr19        00000
__Hsfr2                          sfr2         00000
__Hsfr20                         sfr20        00000
__Hsfr21                         sfr21        00000
__Hsfr22                         sfr22        00000
__Hsfr23                         sfr23        00000
__Hsfr24                         sfr24        00000
__Hsfr25                         sfr25        00000
__Hsfr26                         sfr26        00000
__Hsfr27                         sfr27        00000
__Hsfr28                         sfr28        00000
__Hsfr29                         sfr29        00000
__Hsfr3                          sfr3         00000
__Hsfr30                         sfr30        00000
__Hsfr31                         sfr31        00000
__Hsfr4                          sfr4         00000
__Hsfr5                          sfr5         00000
__Hsfr6                          sfr6         00000
__Hsfr7                          sfr7         00000
__Hsfr8                          sfr8         00000
__Hsfr9                          sfr9         00000
__Hspace_0                       (abs)        0183C
__Hspace_1                       (abs)        0016D
__Hspace_2                       (abs)        00000
__Hspace_3                       (abs)        00000
__Hspace_4                       (abs)        10010
__Hstack                         stack        00000
__Hstrings                       strings      00000
__Hstringtext1                   stringtext1  00000
__Hstringtext10                  stringtext10 00000
__Hstringtext2                   stringtext2  00000
__Hstringtext3                   stringtext3  00000
__Hstringtext4                   stringtext4  00000
__Hstringtext5                   stringtext5  00000
__Hstringtext6                   stringtext6  00000
__Hstringtext7                   stringtext7  00000
__Hstringtext8                   stringtext8  00000
__Hstringtext9                   stringtext9  00000
__Htext                          text         00000
__Labs1                          abs1         00000
__Lbank0                         bank0        00000
__Lbank1                         bank1        00000
__Lbank10                        bank10       00000
__Lbank11                        bank11       00000
__Lbank12                        bank12       00000
__Lbank13                        bank13       00000
__Lbank14                        bank14       00000
__Lbank15                        bank15       00000
__Lbank16                        bank16       00000
__Lbank17                        bank17       00000
__Lbank18                        bank18       00000
__Lbank19                        bank19       00000
__Lbank2                         bank2        00000
__Lbank20                        bank20       00000
__Lbank21                        bank21       00000
__Lbank22                        bank22       00000
__Lbank23                        bank23       00000
__Lbank24                        bank24       00000
__Lbank25                        bank25       00000
__Lbank26                        bank26       00000
__Lbank27                        bank27       00000
__Lbank28                        bank28       00000
__Lbank29                        bank29       00000
__Lbank3                         bank3        00000
__Lbank30                        bank30       00000
__Lbank31                        bank31       00000
__Lbank4                         bank4        00000
__Lbank5                         bank5        00000
__Lbank6                         bank6        00000
__Lbank7                         bank7        00000
__Lbank8                         bank8        00000
__Lbank9                         bank9        00000
__Lbigram                        bigram       00000
__LbssBANK1                      bssBANK1     00000
__LbssBANK2                      bssBANK2     00000
__Lcinit                         cinit        007E5
__Lclrtext                       clrtext      00000
__Lcode                          code         00000
__Lcommon                        common       00000
__Lconfig                        config       00000
__LcstackBANK0                   cstackBANK0  00000
__LcstackBANK1                   cstackBANK1  00000
__LcstackCOMMON                  cstackCOMMON 00000
__LdataBANK2                     dataBANK2    00000
__Leeprom_data                   eeprom_data  00000
__Lend_init                      end_init     00002
__Lfunctab                       functab      00000
__LidataBANK2                    idataBANK2   00000
__Linit                          init         00002
__Linittext                      inittext     00000
__Lintentry                      intentry     00002
__Lmaintext                      maintext     00000
__Lpowerup                       powerup      00000
__Lram                           ram          00000
__Lreset_vec                     reset_vec    00000
__Lsfr0                          sfr0         00000
__Lsfr1                          sfr1         00000
__Lsfr10                         sfr10        00000
__Lsfr11                         sfr11        00000
__Lsfr12                         sfr12        00000
__Lsfr13                         sfr13        00000
__Lsfr14                         sfr14        00000
__Lsfr15                         sfr15        00000
__Lsfr16                         sfr16        00000
__Lsfr17                         sfr17        00000
__Lsfr18                         sfr18        00000
__Lsfr19                         sfr19        00000
__Lsfr2                          sfr2         00000
__Lsfr20                         sfr20        00000
__Lsfr21                         sfr21        00000
__Lsfr22                         sfr22        00000
__Lsfr23                         sfr23        00000
__Lsfr24                         sfr24        00000
__Lsfr25                         sfr25        00000
__Lsfr26                         sfr26        00000
__Lsfr27                         sfr27        00000
__Lsfr28                         sfr28        00000
__Lsfr29                         sfr29        00000
__Lsfr3                          sfr3         00000
__Lsfr30                         sfr30        00000
__Lsfr31                         sfr31        00000
__Lsfr4                          sfr4         00000
__Lsfr5                          sfr5         00000
__Lsfr6                          sfr6         00000
__Lsfr7                          sfr7         00000
__Lsfr8                          sfr8         00000
__Lsfr9                          sfr9         00000
__Lspace_0                       (abs)        00000
__Lspace_1                       (abs)        00000
__Lspace_2                       (abs)        00000
__Lspace_3                       (abs)        00000
__Lspace_4                       (abs)        00000
__Lstack                         stack        00000
__Lstrings                       strings      00000
__Lstringtext1                   stringtext1  00000
__Lstringtext10                  stringtext10 00000
__Lstringtext2                   stringtext2  00000
__Lstringtext3                   stringtext3  00000
__Lstringtext4                   stringtext4  00000
__Lstringtext5                   stringtext5  00000
__Lstringtext6                   stringtext6  00000
__Lstringtext7                   stringtext7  00000
__Lstringtext8                   stringtext8  00000
__Lstringtext9                   stringtext9  00000
__Ltext                          text         00000
__S0                             (abs)        0183C
__S1                             (abs)        0016D
__S2                             (abs)        00000
__S3                             (abs)        00000
___aodiv                         text18       001C0
___aodiv@counter                 cstackCOMMON 00071
___aodiv@dividend                cstackBANK0  00028
___aodiv@divisor                 cstackBANK0  00020
___aodiv@quotient                cstackCOMMON 00073
___aodiv@sign                    cstackCOMMON 00072
___aomod                         text17       00F16
___aomod@counter                 cstackCOMMON 00071
___aomod@dividend                cstackBANK0  00028
___aomod@divisor                 cstackBANK0  00020
___aomod@sign                    cstackCOMMON 00072
___bmul                          text43       0155E
___bmul@multiplicand             cstackCOMMON 00078
___bmul@multiplier               cstackCOMMON 0007B
___bmul@product                  cstackCOMMON 0007A
___fldiv                         text36       00433
___fldiv@a                       cstackCOMMON 00070
___fldiv@aexp                    cstackBANK0  0002C
___fldiv@b                       cstackCOMMON 00074
___fldiv@bexp                    cstackBANK0  0002B
___fldiv@grs                     cstackBANK0  00027
___fldiv@new_exp                 cstackBANK0  00025
___fldiv@rem                     cstackBANK0  00020
___fldiv@sign                    cstackBANK0  00024
___fltol                         text35       00AD9
___fltol@exp1                    cstackCOMMON 0007A
___fltol@f1                      cstackCOMMON 00070
___fltol@sign1                   cstackCOMMON 00079
___int_sp                        stack        00000
___latbits                       (abs)        00003
___lldiv                         text41       008EA
___lldiv@counter                 cstackCOMMON 0007D
___lldiv@dividend                cstackCOMMON 00074
___lldiv@divisor                 cstackCOMMON 00070
___lldiv@quotient                cstackCOMMON 00079
___lodiv                         text8        00BC9
___lodiv@counter                 cstackCOMMON 00079
___lodiv@dividend                cstackBANK0  00028
___lodiv@divisor                 cstackBANK0  00020
___lodiv@quotient                cstackCOMMON 00071
___lomod                         text7        00A68
___lomod@counter                 cstackCOMMON 00071
___lomod@dividend                cstackBANK0  00028
___lomod@divisor                 cstackBANK0  00020
___lwdiv                         text42       016E0
___lwdiv@counter                 cstackCOMMON 00077
___lwdiv@dividend                cstackCOMMON 00072
___lwdiv@divisor                 cstackCOMMON 00070
___lwdiv@quotient                cstackCOMMON 00075
___sp                            stack        00000
___stackhi                       (abs)        023EF
___stacklo                       (abs)        020ED
___xxtofl                        text34       00025
___xxtofl@arg                    cstackCOMMON 0007A
___xxtofl@exp                    cstackCOMMON 00079
___xxtofl@sign                   cstackCOMMON 00078
___xxtofl@val                    cstackCOMMON 00070
__end_of_OSCILLATOR_Initialize   text47       0151F
__end_of_PIN_MANAGER_Initialize  text46       01607
__end_of_SYSTEM_Initialize       text44       01530
__end_of_WDT_Initialize          text45       0150C
__end_of___aodiv                 text18       002C1
__end_of___aomod                 text17       01000
__end_of___bmul                  text43       01573
__end_of___fldiv                 text36       005E7
__end_of___fltol                 text35       00B4D
__end_of___lldiv                 text41       00944
__end_of___lodiv                 text8        00C4D
__end_of___lomod                 text7        00AD9
__end_of___lwdiv                 text42       0171C
__end_of___xxtofl                text34       000D1
__end_of__initialization         cinit        007FD
__end_of_abs                     text16       015D2
__end_of_calc_percentage         text32       009FF
__end_of_command                 text25       01800
__end_of_dtoa                    text10       00433
__end_of_fputc                   text14       017A9
__end_of_fputs                   text13       00838
__end_of_get_CELL_DAT_VAL        text40       00D8A
__end_of_get_scale_val           text37       00F16
__end_of_i2c_start               text30       0154E
__end_of_i2c_stop                text29       01526
__end_of_i2c_wait                text31       0080F
__end_of_i2c_write               text28       0155E
__end_of_initialize              text2        00BC9
__end_of_lcd_backlight           text26       01589
__end_of_lcd_clear               text22       0175A
__end_of_lcd_cmd                 text27       015A0
__end_of_lcd_init                text20       00E33
__end_of_lcd_print               text24       01646
__end_of_lcd_print_with          text19       015B8
__end_of_lcd_set_cursor          text23       016A7
__end_of_main                    maintext     00A68
__end_of_pad                     text11       00891
__end_of_print_gram              text1        008EA
__end_of_putch                   text15       00007
__end_of_scale_convert_gram      text33       00CE7
__end_of_set_CELL_CLK_HIGH       text39       0153A
__end_of_set_CELL_CLK_LOW        text38       01544
__end_of_sprintf                 text3        0166E
__end_of_strlen                  text12       015EC
__end_of_strncmp                 text9        009A0
__end_of_utoa                    text6        001C0
__end_of_vfpfcnvrt               text5        007E5
__end_of_vfprintf                text4        016E0
__end_of_write4bits              text21       01622
__initialization                 cinit        007E5
__pbssBANK1                      bssBANK1     000ED
__pbssBANK2                      bssBANK2     00120
__pcstackBANK0                   cstackBANK0  00020
__pcstackBANK1                   cstackBANK1  000A0
__pcstackCOMMON                  cstackCOMMON 00070
__pdataBANK2                     dataBANK2    0014F
__pidataBANK2                    idataBANK2   00007
__pmaintext                      maintext     009FF
__pstringtext1                   stringtext1  01800
__pstringtext10                  stringtext10 00000
__pstringtext2                   stringtext2  0180F
__pstringtext3                   stringtext3  0181A
__pstringtext4                   stringtext4  01824
__pstringtext5                   stringtext5  0182C
__pstringtext6                   stringtext6  01831
__pstringtext7                   stringtext7  01834
__pstringtext8                   stringtext8  01837
__pstringtext9                   stringtext9  0183A
__ptext1                         text1        00891
__ptext10                        text10       002C1
__ptext11                        text11       00838
__ptext12                        text12       015D2
__ptext13                        text13       0080F
__ptext14                        text14       0175A
__ptext15                        text15       00006
__ptext16                        text16       015B8
__ptext17                        text17       00F16
__ptext18                        text18       001C0
__ptext19                        text19       015A0
__ptext2                         text2        00B4D
__ptext20                        text20       00D8A
__ptext21                        text21       01607
__ptext22                        text22       0171C
__ptext23                        text23       0166E
__ptext24                        text24       01622
__ptext25                        text25       017A9
__ptext26                        text26       01573
__ptext27                        text27       01589
__ptext28                        text28       0154E
__ptext29                        text29       0151F
__ptext3                         text3        01646
__ptext30                        text30       01544
__ptext31                        text31       00803
__ptext32                        text32       009A0
__ptext33                        text33       00C4D
__ptext34                        text34       00025
__ptext35                        text35       00AD9
__ptext36                        text36       00433
__ptext37                        text37       00E33
__ptext38                        text38       0153A
__ptext39                        text39       01530
__ptext4                         text4        016A7
__ptext40                        text40       00CE7
__ptext41                        text41       008EA
__ptext42                        text42       016E0
__ptext43                        text43       0155E
__ptext44                        text44       01526
__ptext45                        text45       01508
__ptext46                        text46       015EC
__ptext47                        text47       01518
__ptext5                         text5        005E7
__ptext6                         text6        000D1
__ptext7                         text7        00A68
__ptext8                         text8        00BC9
__ptext9                         text9        00944
__size_of_OSCILLATOR_Initialize  (abs)        00000
__size_of_PIN_MANAGER_Initialize (abs)        00000
__size_of_SYSTEM_Initialize      (abs)        00000
__size_of_WDT_Initialize         (abs)        00000
__size_of___aodiv                (abs)        00000
__size_of___aomod                (abs)        00000
__size_of___bmul                 (abs)        00000
__size_of___fldiv                (abs)        00000
__size_of___fltol                (abs)        00000
__size_of___lldiv                (abs)        00000
__size_of___lodiv                (abs)        00000
__size_of___lomod                (abs)        00000
__size_of___lwdiv                (abs)        00000
__size_of___xxtofl               (abs)        00000
__size_of_abs                    (abs)        00000
__size_of_calc_percentage        (abs)        00000
__size_of_command                (abs)        00000
__size_of_dtoa                   (abs)        00000
__size_of_fputc                  (abs)        00000
__size_of_fputs                  (abs)        00000
__size_of_get_CELL_DAT_VAL       (abs)        00000
__size_of_get_scale_val          (abs)        00000
__size_of_i2c_start              (abs)        00000
__size_of_i2c_stop               (abs)        00000
__size_of_i2c_wait               (abs)        00000
__size_of_i2c_write              (abs)        00000
__size_of_initialize             (abs)        00000
__size_of_lcd_backlight          (abs)        00000
__size_of_lcd_clear              (abs)        00000
__size_of_lcd_cmd                (abs)        00000
__size_of_lcd_init               (abs)        00000
__size_of_lcd_print              (abs)        00000
__size_of_lcd_print_with         (abs)        00000
__size_of_lcd_set_cursor         (abs)        00000
__size_of_main                   (abs)        00000
__size_of_pad                    (abs)        00000
__size_of_print_gram             (abs)        00000
__size_of_putch                  (abs)        00000
__size_of_scale_convert_gram     (abs)        00000
__size_of_set_CELL_CLK_HIGH      (abs)        00000
__size_of_set_CELL_CLK_LOW       (abs)        00000
__size_of_sprintf                (abs)        00000
__size_of_strlen                 (abs)        00000
__size_of_strncmp                (abs)        00000
__size_of_utoa                   (abs)        00000
__size_of_vfpfcnvrt              (abs)        00000
__size_of_vfprintf               (abs)        00000
__size_of_write4bits             (abs)        00000
_abs                             text16       015B8
_calc_percentage                 text32       009A0
_command                         text25       017A9
_dbuf                            bssBANK2     0012F
_dtoa                            text10       002C1
_dtoa$1179                       cstackBANK0  0003B
_flags                           bssBANK1     000ED
_fputc                           text14       0175A
_fputs                           text13       0080F
_get_CELL_DAT_VAL                text40       00CE7
_get_scale_val                   text37       00E33
_i2c_start                       text30       01544
_i2c_stop                        text29       0151F
_i2c_wait                        text31       00803
_i2c_write                       text28       0154E
_initialize                      text2        00B4D
_lcd_backlight                   text26       01573
_lcd_clear                       text22       0171C
_lcd_cmd                         text27       01589
_lcd_init                        text20       00D8A
_lcd_print                       text24       01622
_lcd_print_with                  text19       015A0
_lcd_set_cursor                  text23       0166E
_m_brightness                    bssBANK1     000EF
_main                            maintext     009FF
_nout                            bssBANK2     00129
_pad                             text11       00838
_prec                            bssBANK2     0012D
_print_gram                      text1        00891
_putch                           text15       00006
_scale_convert_gram              text33       00C4D
_set_CELL_CLK_HIGH               text39       01530
_set_CELL_CLK_LOW                text38       0153A
_sprintf                         text3        01646
_strlen                          text12       015D2
_strncmp                         text9        00944
_utoa                            text6        000D1
_vfpfcnvrt                       text5        005E7
_vfprintf                        text4        016A7
_width                           bssBANK2     0012B
_write4bits                      text21       01607
abs@a                            cstackCOMMON 00073
btemp                            (abs)        0007E
calc_percentage@p                cstackBANK0  0003C
clear_ram0                       clrtext      0150C
command@highnib                  cstackCOMMON 00077
command@lownib                   cstackCOMMON 00078
command@mode                     cstackCOMMON 00074
command@p                        cstackCOMMON 00079
command@val                      cstackCOMMON 00073
dtoa@d                           cstackBANK0  00030
dtoa@fp                          cstackBANK0  0003F
dtoa@i                           cstackBANK0  0004C
dtoa@n                           cstackBANK0  00044
dtoa@p                           cstackBANK0  0003D
dtoa@s                           cstackBANK0  00042
dtoa@w                           cstackBANK0  00040
end_of_initialization            cinit        007FD
fputc@c                          cstackCOMMON 00070
fputc@fp                         cstackCOMMON 00072
fputs@c                          cstackBANK0  00020
fputs@fp                         cstackCOMMON 00078
fputs@i                          cstackBANK0  00021
fputs@s                          cstackBANK0  00023
get_CELL_DAT_VAL@p               cstackCOMMON 00075
get_scale_val@i                  cstackBANK0  00031
get_scale_val@j                  cstackBANK0  0002C
get_scale_val@p                  cstackBANK0  00032
get_scale_val@scale_avg_count    cstackBANK0  00020
get_scale_val@weight_add         cstackBANK0  00028
get_scale_val@weight_count       cstackBANK0  0002D
i2c_write@data                   cstackCOMMON 00070
init_ram                         inittext     01512
initialize@p                     cstackBANK1  000C4
initialize@valstr                cstackBANK1  000B4
intlevel0                        functab      00000
intlevel1                        functab      00000
intlevel2                        functab      00000
intlevel3                        functab      00000
intlevel4                        functab      00000
intlevel5                        functab      00000
lcd_backlight@p                  cstackCOMMON 00074
lcd_clear@col                    cstackBANK0  00029
lcd_clear@p                      cstackBANK0  0002A
lcd_clear@row                    cstackBANK0  00028
lcd_cmd@cmd                      cstackCOMMON 00071
lcd_cmd@p                        cstackCOMMON 00072
lcd_init@p                       cstackCOMMON 00078
lcd_print@cmd                    cstackBANK0  00020
lcd_print@p                      cstackBANK0  00021
lcd_print@str                    cstackCOMMON 0007A
lcd_print_with@col               cstackBANK0  00028
lcd_print_with@p                 cstackCOMMON 0007D
lcd_print_with@row               cstackBANK0  00029
lcd_print_with@str               cstackBANK0  00026
lcd_set_cursor@F2781             dataBANK2    00165
lcd_set_cursor@cmd               cstackBANK0  00024
lcd_set_cursor@col               cstackCOMMON 0007A
lcd_set_cursor@p                 cstackBANK0  00025
lcd_set_cursor@row               cstackCOMMON 0007B
lcd_set_cursor@row_offsets       cstackBANK0  00020
main@F2800                       dataBANK2    0014F
main@F2802                       dataBANK2    00169
main@F2804                       bssBANK2     00120
main@drink                       cstackBANK1  000E8
main@lcd                         cstackBANK1  000D8
main@loadcell                    cstackBANK1  000DC
pad@buf                          cstackBANK0  00024
pad@fp                           cstackBANK0  0002B
pad@i                            cstackBANK0  00027
pad@p                            cstackBANK0  00025
pad@w                            cstackBANK0  00029
print_gram@p                     cstackBANK1  000D5
print_gram@row1                  cstackBANK1  000B5
print_gram@row2                  cstackBANK1  000C5
reset_vec                        reset_vec    00000
scale_convert_gram@p             cstackBANK0  00039
scale_convert_gram@temp          cstackBANK0  00035
set_CELL_CLK_HIGH@p              cstackCOMMON 00071
set_CELL_CLK_LOW@p               cstackCOMMON 00071
sprintf@ap                       cstackBANK1  000AD
sprintf@f                        cstackBANK1  000AE
sprintf@fmt                      cstackBANK1  000A5
sprintf@s                        cstackBANK1  000AC
start                            init         00002
start_initialization             cinit        007E5
strlen@a                         cstackCOMMON 00073
strlen@s                         cstackCOMMON 00074
strncmp@_l                       cstackCOMMON 00070
strncmp@_r                       cstackCOMMON 00072
strncmp@l                        cstackCOMMON 00077
strncmp@n                        cstackCOMMON 00074
strncmp@r                        cstackCOMMON 00079
utoa@d                           cstackBANK0  00030
utoa@fp                          cstackBANK0  0003A
utoa@i                           cstackBANK0  00045
utoa@n                           cstackBANK0  0003D
utoa@p                           cstackBANK0  00038
utoa@w                           cstackBANK0  0003B
vfpfcnvrt@ap                     cstackBANK0  0004F
vfpfcnvrt@fmt                    cstackBANK0  0004E
vfpfcnvrt@fp                     cstackBANK0  0006C
vfpfcnvrt@ll                     cstackBANK0  0005C
vfpfcnvrt@llu                    cstackBANK0  00064
vfprintf@ap                      cstackBANK0  0006F
vfprintf@cfmt                    cstackBANK1  000A3
vfprintf@fmt                     cstackBANK0  0006D
vfprintf@fp                      cstackBANK1  000A2
write4bits@p                     cstackCOMMON 00075
write4bits@val                   cstackCOMMON 00073
wtemp0                           (abs)        0007E


MODULE INFORMATION

Module		Function		Class		Link	Load	Size
C:\Program Files\Microchip\xc8\v2.32\pic\sources\c99\common\nf_sprintf.c
		_sprintf       		CODE           	1646	0000	40

C:\Program Files\Microchip\xc8\v2.32\pic\sources\c99\common\nf_sprintf.c estimated size: 40

drink_meter.c
		_print_gram    		CODE           	0891	0000	89
		_calc_percentage		CODE           	09A0	0000	95
		_initialize    		CODE           	0B4D	0000	124

drink_meter.c estimated size: 308

C:\Program Files\Microchip\xc8\v2.32\pic\sources\c99\common\doprnt.c
		_vfpfcnvrt     		CODE           	05E7	0000	510
		_pad           		CODE           	0838	0000	89
		_dtoa          		CODE           	02C1	0000	370
		_vfprintf      		CODE           	16A7	0000	57
		_utoa          		CODE           	00D1	0000	239

C:\Program Files\Microchip\xc8\v2.32\pic\sources\c99\common\doprnt.c estimated size: 1265

C:\Program Files\Microchip\xc8\v2.32\pic\sources\c99\common\lomod.c
		___lomod       		CODE           	0A68	0000	113

C:\Program Files\Microchip\xc8\v2.32\pic\sources\c99\common\lomod.c estimated size: 113

i2c.c
		_i2c_start     		CODE           	1544	0000	10
		_i2c_write     		CODE           	154E	0000	16
		_i2c_stop      		CODE           	151F	0000	7
		_i2c_wait      		CODE           	0803	0000	12

i2c.c estimated size: 45

mcc_generated_files/pin_manager.c
		_PIN_MANAGER_Initialize		CODE           	15EC	0000	27

mcc_generated_files/pin_manager.c estimated size: 27

C:\Program Files\Microchip\xc8\v2.32\pic\sources\c99\common\nf_fputs.c
		_fputs         		CODE           	080F	0000	41

C:\Program Files\Microchip\xc8\v2.32\pic\sources\c99\common\nf_fputs.c estimated size: 41

C:\Program Files\Microchip\xc8\v2.32\pic\sources\c99\common\putch.c
		_putch         		CODE           	0006	0000	1

C:\Program Files\Microchip\xc8\v2.32\pic\sources\c99\common\putch.c estimated size: 1

lcd_lib.c
		_lcd_cmd       		CODE           	1589	0000	23
		_lcd_backlight 		CODE           	1573	0000	22
		_lcd_set_cursor		CODE           	166E	0000	57
		_lcd_clear     		CODE           	171C	0000	62
		_lcd_print     		CODE           	1622	0000	36
		_lcd_print_with		CODE           	15A0	0000	24
		_command       		CODE           	17A9	0000	87
		_lcd_init      		CODE           	0D8A	0000	169
		_write4bits    		CODE           	1607	0000	27

lcd_lib.c estimated size: 507

C:\Program Files\Microchip\xc8\v2.32\pic\sources\c99\common\abs.c
		_abs           		CODE           	15B8	0000	26

C:\Program Files\Microchip\xc8\v2.32\pic\sources\c99\common\abs.c estimated size: 26

C:\Program Files\Microchip\xc8\v2.32\pic\sources\c99\common\aomod.c
		___aomod       		CODE           	0F16	0000	234

C:\Program Files\Microchip\xc8\v2.32\pic\sources\c99\common\aomod.c estimated size: 234

C:\Program Files\Microchip\xc8\v2.32\pic\sources\c99\common\lodiv.c
		___lodiv       		CODE           	0BC9	0000	132

C:\Program Files\Microchip\xc8\v2.32\pic\sources\c99\common\lodiv.c estimated size: 132

C:\Program Files\Microchip\xc8\v2.32\pic\sources\c99\common\strncmp.c
		_strncmp       		CODE           	0944	0000	92

C:\Program Files\Microchip\xc8\v2.32\pic\sources\c99\common\strncmp.c estimated size: 92

shared
		__initialization		CODE           	07E5	0000	24

shared estimated size: 24

loadcell.c
		_set_CELL_CLK_LOW		CODE           	153A	0000	10
		_get_scale_val 		CODE           	0E33	0000	227
		_scale_convert_gram		CODE           	0C4D	0000	154
		_set_CELL_CLK_HIGH		CODE           	1530	0000	10
		_get_CELL_DAT_VAL		CODE           	0CE7	0000	163

loadcell.c estimated size: 564

mcc_generated_files/mcc.c
		_WDT_Initialize		CODE           	1508	0000	4
		_OSCILLATOR_Initialize		CODE           	1518	0000	7
		_SYSTEM_Initialize		CODE           	1526	0000	10

mcc_generated_files/mcc.c estimated size: 21

C:\Program Files\Microchip\xc8\v2.32\pic\sources\c99\common\sprcdiv.c
		___fldiv       		CODE           	0433	0000	436

C:\Program Files\Microchip\xc8\v2.32\pic\sources\c99\common\sprcdiv.c estimated size: 436

C:\Program Files\Microchip\xc8\v2.32\pic\sources\c99\common\lwdiv.c
		___lwdiv       		CODE           	16E0	0000	60

C:\Program Files\Microchip\xc8\v2.32\pic\sources\c99\common\lwdiv.c estimated size: 60

C:\Program Files\Microchip\xc8\v2.32\pic\sources\c99\common\fltol.c
		___fltol       		CODE           	0AD9	0000	116

C:\Program Files\Microchip\xc8\v2.32\pic\sources\c99\common\fltol.c estimated size: 116

C:\Program Files\Microchip\xc8\v2.32\pic\sources\c99\common\xxtofl.c
		___xxtofl      		CODE           	0025	0000	172

C:\Program Files\Microchip\xc8\v2.32\pic\sources\c99\common\xxtofl.c estimated size: 172

C:\Program Files\Microchip\xc8\v2.32\pic\sources\c99\common\nf_fputc.c
		_fputc         		CODE           	175A	0000	79

C:\Program Files\Microchip\xc8\v2.32\pic\sources\c99\common\nf_fputc.c estimated size: 79

C:\Program Files\Microchip\xc8\v2.32\pic\sources\c99\common\aodiv.c
		___aodiv       		CODE           	01C0	0000	257

C:\Program Files\Microchip\xc8\v2.32\pic\sources\c99\common\aodiv.c estimated size: 257

C:\Program Files\Microchip\xc8\v2.32\pic\sources\c99\common\Umul8.c
		___bmul        		CODE           	155E	0000	21

C:\Program Files\Microchip\xc8\v2.32\pic\sources\c99\common\Umul8.c estimated size: 21

C:\Program Files\Microchip\xc8\v2.32\pic\sources\c99\common\__lldiv.c
		___lldiv       		CODE           	08EA	0000	90

C:\Program Files\Microchip\xc8\v2.32\pic\sources\c99\common\__lldiv.c estimated size: 90

main.c
		_main          		CODE           	09FF	0000	105

main.c estimated size: 105

C:\Program Files\Microchip\xc8\v2.32\pic\sources\c99\common\strlen.c
		_strlen        		CODE           	15D2	0000	26

C:\Program Files\Microchip\xc8\v2.32\pic\sources\c99\common\strlen.c estimated size: 26

