Microchip MPLAB XC8 Compiler V2.32

Linker command line:

-W-3 --edf=C:\Program Files\Microchip\xc8\v2.32\pic\dat\en_msgs.txt -cn \
  -h+dist/default/production\DrinkMeter.X.production.sym \
  --cmf=dist/default/production\DrinkMeter.X.production.cmf -z -Q16F1827 \
  -oC:\Users\dexte\AppData\Local\Temp\xcAs544.4 --defsym=__MPLAB_BUILD=1 \
  -Mdist/default/production/DrinkMeter.X.production.map -E1 \
  -ver=XC8 Compiler --acfsm=1493 -ASTACK=0201Ah-0216Fh -pstack=STACK \
  -ACODE=00h-07FFhx2 -ASTRCODE=00h-0FFFh -ASTRING=00h-0FFhx16 \
  -ACONST=00h-0FFhx16 -AENTRY=00h-0FFhx16 -ACOMMON=070h-07Fh \
  -ABANK0=020h-06Fh -ABANK1=0A0h-0EFh -ABANK2=0120h-016Fh \
  -ABANK3=01A0h-01EFh -ABANK4=0220h-024Fh -ABIGRAM=02000h-0216Fh \
  -ARAM=020h-06Fh,0A0h-0EFh,0120h-016Fh,01A0h-01EFh,0220h-024Fh \
  -AABS1=020h-07Fh,0A0h-0EFh,0120h-016Fh,01A0h-01EFh,0220h-024Fh \
  -ASFR0=00h-01Fh -ASFR1=080h-09Fh -ASFR2=0100h-011Fh -ASFR3=0180h-019Fh \
  -ASFR4=0200h-021Fh -ASFR5=0280h-02EFh -ASFR6=0300h-036Fh \
  -ASFR7=0380h-03EFh -ASFR8=0400h-046Fh -ASFR9=0480h-04EFh \
  -ASFR10=0500h-056Fh -ASFR11=0580h-05EFh -ASFR12=0600h-066Fh \
  -ASFR13=0680h-06EFh -ASFR14=0700h-076Fh -ASFR15=0780h-07EFh \
  -ASFR16=0800h-086Fh -ASFR17=0880h-08EFh -ASFR18=0900h-096Fh \
  -ASFR19=0980h-09EFh -ASFR20=0A00h-0A6Fh -ASFR21=0A80h-0AEFh \
  -ASFR22=0B00h-0B6Fh -ASFR23=0B80h-0BEFh -ASFR24=0C00h-0C6Fh \
  -ASFR25=0C80h-0CEFh -ASFR26=0D00h-0D6Fh -ASFR27=0D80h-0DEFh \
  -ASFR28=0E00h-0E6Fh -ASFR29=0E80h-0EEFh -ASFR30=0F00h-0F6Fh \
  -ASFR31=0F80h-0FEFh -ACONFIG=08007h-08008h -DCONFIG=2 \
  -AIDLOC=08000h-08003h -DIDLOC=2 -AEEDATA=00h-0FFh/0F000h \
  -peeprom_data=EEDATA -DEEDATA=2 -DCODE=2 -DSTRCODE=2 -DSTRING=2 -DCONST=2 \
  -DENTRY=2 -preset_vec=00h,intentry,init,end_init -ppowerup=CODE \
  -pcinit=CODE -pfunctab=ENTRY -k \
  C:\Users\dexte\AppData\Local\Temp\xcAs544.o \
  dist/default/production\DrinkMeter.X.production.o 

Object code version is 3.11

Machine type is 16F1827



                Name                               Link     Load   Length Selector   Space Scale
C:\Users\dexte\AppData\Local\Temp\xcAs544.o
                end_init                              2        2        2        0       0
                reset_vec                             0        0        2        0       0
                config                             8007     8007        2        0       4
dist/default/production\DrinkMeter.X.production.o
                cinit                               7EC      7EC       14      FD8       0
                config                             8007     8007        2        0       4
                text13                              687      687        7      D0E       0
                text12                              6FF      6FF       16      DFE       0
                text11                              67D      67D        4      CFA       0
                text10                              69D      69D        A      D3A       0
                text9                               6B5      6B5       12      D6A       0
                text8                               6C7      6C7       12      D8E       0
                text7                               67C      67C        1      CF8       0
                text6                               68E      68E        7      D1C       0
                text5                               797      797       55      F2E       0
                text4                               715      715       3A      E2A       0
                text3                               6D9      6D9       13      DB2       0
                text2                               695      695        8      D2A       0
                text1                               6EC      6EC       13      DD8       0
                maintext                            74F      74F       48      E9E       0
                cstackBANK0                          2E       2E        8       20       1
                cstackCOMMON                         70       70        D       70       1
                inittext                            681      681        6      D02       0
                dataBANK0                            20       20        E       20       1
                bssBANK0                             36       36        4       20       1
                bssCOMMON                            7D       7D        1       70       1
                idataBANK0                          6A7      6A7        E      D4E       0

TOTAL           Name                               Link     Load   Length     Space
        CLASS   STACK          

        CLASS   CODE           
                end_init                              2        2        2         0
                cinit                               7EC      7EC       14         0
                reset_vec                             0        0        2         0
                text13                              687      687        7         0
                text12                              6FF      6FF       16         0
                text11                              67D      67D        4         0
                text10                              69D      69D        A         0
                text9                               6B5      6B5       12         0
                text8                               6C7      6C7       12         0
                text7                               67C      67C        1         0
                text6                               68E      68E        7         0
                text5                               797      797       55         0
                text4                               715      715       3A         0
                text3                               6D9      6D9       13         0
                text2                               695      695        8         0
                text1                               6EC      6EC       13         0
                maintext                            74F      74F       48         0
                inittext                            681      681        6         0
                idataBANK0                          6A7      6A7        E         0

        CLASS   STRCODE        

        CLASS   STRING         

        CLASS   CONST          

        CLASS   ENTRY          

        CLASS   COMMON         
                cstackCOMMON                         70       70        D         1
                bssCOMMON                            7D       7D        1         1

        CLASS   BANK0          
                cstackBANK0                          2E       2E        8         1
                dataBANK0                            20       20        E         1
                bssBANK0                             36       36        4         1

        CLASS   BANK1          

        CLASS   BANK2          

        CLASS   BANK3          

        CLASS   BANK4          

        CLASS   BIGRAM         

        CLASS   RAM            

        CLASS   ABS1           
                abs_s1                               7E       7E        2         1

        CLASS   SFR0           

        CLASS   SFR1           

        CLASS   SFR2           

        CLASS   SFR3           

        CLASS   SFR4           

        CLASS   SFR5           

        CLASS   SFR6           

        CLASS   SFR7           

        CLASS   SFR8           

        CLASS   SFR9           

        CLASS   SFR10          

        CLASS   SFR11          

        CLASS   SFR12          

        CLASS   SFR13          

        CLASS   SFR14          

        CLASS   SFR15          

        CLASS   SFR16          

        CLASS   SFR17          

        CLASS   SFR18          

        CLASS   SFR19          

        CLASS   SFR20          

        CLASS   SFR21          

        CLASS   SFR22          

        CLASS   SFR23          

        CLASS   SFR24          

        CLASS   SFR25          

        CLASS   SFR26          

        CLASS   SFR27          

        CLASS   SFR28          

        CLASS   SFR29          

        CLASS   SFR30          

        CLASS   SFR31          

        CLASS   CONFIG         
                config                             8007     8007        2         4

        CLASS   IDLOC          

        CLASS   EEDATA         

        CLASS   BANK31         

        CLASS   BANK30         

        CLASS   BANK29         

        CLASS   BANK28         

        CLASS   BANK27         

        CLASS   BANK26         

        CLASS   BANK25         

        CLASS   BANK24         

        CLASS   BANK23         

        CLASS   BANK22         

        CLASS   BANK21         

        CLASS   BANK20         

        CLASS   BANK19         

        CLASS   BANK18         

        CLASS   BANK17         

        CLASS   BANK16         

        CLASS   BANK15         

        CLASS   BANK14         

        CLASS   BANK13         

        CLASS   BANK12         

        CLASS   BANK11         

        CLASS   BANK10         

        CLASS   BANK9          

        CLASS   BANK8          

        CLASS   BANK7          

        CLASS   BANK6          

        CLASS   BANK5          



SEGMENTS        Name                           Load    Length   Top    Selector   Space  Class     Delta

                reset_vec                      000000  000004  000004         0       0  CODE        2
                dataBANK0                      000020  00001A  00003A        20       1  BANK0       1
                cstackCOMMON                   000070  00000E  00007E        70       1  COMMON      1
                text7                          00067C  000001  00067D       CF8       0  CODE        2
                text11                         00067D  000004  000681       CFA       0  CODE        2
                inittext                       000681  000006  000687       D02       0  CODE        2
                text13                         000687  000007  00068E       D0E       0  CODE        2
                text6                          00068E  000007  000695       D1C       0  CODE        2
                text2                          000695  000008  00069D       D2A       0  CODE        2
                text10                         00069D  00000A  0006A7       D3A       0  CODE        2
                idataBANK0                     0006A7  00000E  0006B5       D4E       0  CODE        2
                text9                          0006B5  000012  0006C7       D6A       0  CODE        2
                text8                          0006C7  000012  0006D9       D8E       0  CODE        2
                text3                          0006D9  000013  0006EC       DB2       0  CODE        2
                text1                          0006EC  000013  0006FF       DD8       0  CODE        2
                text12                         0006FF  000016  000715       DFE       0  CODE        2
                text4                          000715  00003A  00074F       E2A       0  CODE        2
                maintext                       00074F  000048  000797       E9E       0  CODE        2
                text5                          000797  000055  0007EC       F2E       0  CODE        2
                cinit                          0007EC  000014  000800       FD8       0  CODE        2


UNUSED ADDRESS RANGES

        Name                Unused          Largest block    Delta
        BANK0            0003A-0006F              36           1
        BANK1            000A0-000EF              50           1
        BANK2            00120-0016F              50           1
        BANK3            001A0-001EF              50           1
        BANK4            00220-0024F              30           1
        BIGRAM           02000-0216F             170           1
        CODE             00004-0067B             678           2
                         00800-00FFF             800
        CONST            00004-0067B             100           2
                         00800-00FFF             100
        EEDATA           0F000-0F0FF             100           2
        ENTRY            00004-0067B             100           2
                         00800-00FFF             100
        IDLOC            08000-08003               4           2
        RAM              0003A-0006F              36           1
                         000A0-000EF              50
                         00120-0016F              50
                         001A0-001EF              50
                         00220-0024F              30
        SFR0             00000-0001F              20           1
        SFR1             00080-0009F              20           1
        SFR10            00500-0056F              70           1
        SFR11            00580-005EF              70           1
        SFR12            00600-0066F              70           1
        SFR13            00680-006EF              70           1
        SFR14            00700-0076F              70           1
        SFR15            00780-007EF              70           1
        SFR16            00800-0086F              70           1
        SFR17            00880-008EF              70           1
        SFR18            00900-0096F              70           1
        SFR19            00980-009EF              70           1
        SFR2             00100-0011F              20           1
        SFR20            00A00-00A6F              70           1
        SFR21            00A80-00AEF              70           1
        SFR22            00B00-00B6F              70           1
        SFR23            00B80-00BEF              70           1
        SFR24            00C00-00C6F              70           1
        SFR25            00C80-00CEF              70           1
        SFR26            00D00-00D6F              70           1
        SFR27            00D80-00DEF              70           1
        SFR28            00E00-00E6F              70           1
        SFR29            00E80-00EEF              70           1
        SFR3             00180-0019F              20           1
        SFR30            00F00-00F6F              70           1
        SFR31            00F80-00FEF              70           1
        SFR4             00200-0021F              20           1
        SFR5             00280-002EF              70           1
        SFR6             00300-0036F              70           1
        SFR7             00380-003EF              70           1
        SFR8             00400-0046F              70           1
        SFR9             00480-004EF              70           1
        STACK            0201A-0216F             156           1
        STRCODE          00004-0067B             678           2
                         00800-00FFF             800
        STRING           00004-0067B             100           2
                         00800-00FFF             100

                                  Symbol Table

_ANSELA                          (abs)        0018C
_ANSELB                          (abs)        0018D
_APFCON0                         (abs)        0011D
_APFCON1                         (abs)        0011E
_BORCON                          (abs)        00116
_LATA                            (abs)        0010C
_LATB                            (abs)        0010D
_OPTION_REGbits                  (abs)        00095
_OSCCON                          (abs)        00099
_OSCILLATOR_Initialize           text13       00687
_OSCTUNE                         (abs)        00098
_PIN_MANAGER_Initialize          text12       006FF
_PORTAbits                       (abs)        0000C
_SSPBUF                          (abs)        00211
_SSPCON1bits                     (abs)        00215
_SSPCON2                         (abs)        00216
_SSPCON2bits                     (abs)        00216
_SSPSTAT                         (abs)        00214
_SSPSTATbits                     (abs)        00214
_SYSTEM_Initialize               text10       0069D
_TRISA                           (abs)        0008C
_TRISB                           (abs)        0008D
_WDTCON                          (abs)        00097
_WDT_Initialize                  text11       0067D
_WPUA                            (abs)        0020C
_WPUB                            (abs)        0020D
__Habs1                          abs1         00000
__Hbank0                         bank0        00000
__Hbank1                         bank1        00000
__Hbank10                        bank10       00000
__Hbank11                        bank11       00000
__Hbank12                        bank12       00000
__Hbank13                        bank13       00000
__Hbank14                        bank14       00000
__Hbank15                        bank15       00000
__Hbank16                        bank16       00000
__Hbank17                        bank17       00000
__Hbank18                        bank18       00000
__Hbank19                        bank19       00000
__Hbank2                         bank2        00000
__Hbank20                        bank20       00000
__Hbank21                        bank21       00000
__Hbank22                        bank22       00000
__Hbank23                        bank23       00000
__Hbank24                        bank24       00000
__Hbank25                        bank25       00000
__Hbank26                        bank26       00000
__Hbank27                        bank27       00000
__Hbank28                        bank28       00000
__Hbank29                        bank29       00000
__Hbank3                         bank3        00000
__Hbank30                        bank30       00000
__Hbank31                        bank31       00000
__Hbank4                         bank4        00000
__Hbank5                         bank5        00000
__Hbank6                         bank6        00000
__Hbank7                         bank7        00000
__Hbank8                         bank8        00000
__Hbank9                         bank9        00000
__Hbigram                        bigram       00000
__HbssBANK0                      bssBANK0     00000
__HbssCOMMON                     bssCOMMON    00000
__Hcinit                         cinit        00800
__Hclrtext                       clrtext      00000
__Hcode                          code         00000
__Hcommon                        common       00000
__Hconfig                        config       08009
__HcstackBANK0                   cstackBANK0  00000
__HcstackCOMMON                  cstackCOMMON 00000
__HdataBANK0                     dataBANK0    00000
__Heeprom_data                   eeprom_data  00000
__Hend_init                      end_init     00004
__Hfunctab                       functab      00000
__HidataBANK0                    idataBANK0   00000
__Hinit                          init         00002
__Hinittext                      inittext     00000
__Hintentry                      intentry     00002
__Hmaintext                      maintext     00000
__Hpowerup                       powerup      00000
__Hram                           ram          00000
__Hreset_vec                     reset_vec    00002
__Hsfr0                          sfr0         00000
__Hsfr1                          sfr1         00000
__Hsfr10                         sfr10        00000
__Hsfr11                         sfr11        00000
__Hsfr12                         sfr12        00000
__Hsfr13                         sfr13        00000
__Hsfr14                         sfr14        00000
__Hsfr15                         sfr15        00000
__Hsfr16                         sfr16        00000
__Hsfr17                         sfr17        00000
__Hsfr18                         sfr18        00000
__Hsfr19                         sfr19        00000
__Hsfr2                          sfr2         00000
__Hsfr20                         sfr20        00000
__Hsfr21                         sfr21        00000
__Hsfr22                         sfr22        00000
__Hsfr23                         sfr23        00000
__Hsfr24                         sfr24        00000
__Hsfr25                         sfr25        00000
__Hsfr26                         sfr26        00000
__Hsfr27                         sfr27        00000
__Hsfr28                         sfr28        00000
__Hsfr29                         sfr29        00000
__Hsfr3                          sfr3         00000
__Hsfr30                         sfr30        00000
__Hsfr31                         sfr31        00000
__Hsfr4                          sfr4         00000
__Hsfr5                          sfr5         00000
__Hsfr6                          sfr6         00000
__Hsfr7                          sfr7         00000
__Hsfr8                          sfr8         00000
__Hsfr9                          sfr9         00000
__Hspace_0                       (abs)        00800
__Hspace_1                       (abs)        0007E
__Hspace_2                       (abs)        00000
__Hspace_3                       (abs)        00000
__Hspace_4                       (abs)        10010
__Hstack                         stack        00000
__Hstrings                       strings      00000
__Htext                          text         00000
__Labs1                          abs1         00000
__Lbank0                         bank0        00000
__Lbank1                         bank1        00000
__Lbank10                        bank10       00000
__Lbank11                        bank11       00000
__Lbank12                        bank12       00000
__Lbank13                        bank13       00000
__Lbank14                        bank14       00000
__Lbank15                        bank15       00000
__Lbank16                        bank16       00000
__Lbank17                        bank17       00000
__Lbank18                        bank18       00000
__Lbank19                        bank19       00000
__Lbank2                         bank2        00000
__Lbank20                        bank20       00000
__Lbank21                        bank21       00000
__Lbank22                        bank22       00000
__Lbank23                        bank23       00000
__Lbank24                        bank24       00000
__Lbank25                        bank25       00000
__Lbank26                        bank26       00000
__Lbank27                        bank27       00000
__Lbank28                        bank28       00000
__Lbank29                        bank29       00000
__Lbank3                         bank3        00000
__Lbank30                        bank30       00000
__Lbank31                        bank31       00000
__Lbank4                         bank4        00000
__Lbank5                         bank5        00000
__Lbank6                         bank6        00000
__Lbank7                         bank7        00000
__Lbank8                         bank8        00000
__Lbank9                         bank9        00000
__Lbigram                        bigram       00000
__LbssBANK0                      bssBANK0     00000
__LbssCOMMON                     bssCOMMON    00000
__Lcinit                         cinit        007EC
__Lclrtext                       clrtext      00000
__Lcode                          code         00000
__Lcommon                        common       00000
__Lconfig                        config       00000
__LcstackBANK0                   cstackBANK0  00000
__LcstackCOMMON                  cstackCOMMON 00000
__LdataBANK0                     dataBANK0    00000
__Leeprom_data                   eeprom_data  00000
__Lend_init                      end_init     00002
__Lfunctab                       functab      00000
__LidataBANK0                    idataBANK0   00000
__Linit                          init         00002
__Linittext                      inittext     00000
__Lintentry                      intentry     00002
__Lmaintext                      maintext     00000
__Lpowerup                       powerup      00000
__Lram                           ram          00000
__Lreset_vec                     reset_vec    00000
__Lsfr0                          sfr0         00000
__Lsfr1                          sfr1         00000
__Lsfr10                         sfr10        00000
__Lsfr11                         sfr11        00000
__Lsfr12                         sfr12        00000
__Lsfr13                         sfr13        00000
__Lsfr14                         sfr14        00000
__Lsfr15                         sfr15        00000
__Lsfr16                         sfr16        00000
__Lsfr17                         sfr17        00000
__Lsfr18                         sfr18        00000
__Lsfr19                         sfr19        00000
__Lsfr2                          sfr2         00000
__Lsfr20                         sfr20        00000
__Lsfr21                         sfr21        00000
__Lsfr22                         sfr22        00000
__Lsfr23                         sfr23        00000
__Lsfr24                         sfr24        00000
__Lsfr25                         sfr25        00000
__Lsfr26                         sfr26        00000
__Lsfr27                         sfr27        00000
__Lsfr28                         sfr28        00000
__Lsfr29                         sfr29        00000
__Lsfr3                          sfr3         00000
__Lsfr30                         sfr30        00000
__Lsfr31                         sfr31        00000
__Lsfr4                          sfr4         00000
__Lsfr5                          sfr5         00000
__Lsfr6                          sfr6         00000
__Lsfr7                          sfr7         00000
__Lsfr8                          sfr8         00000
__Lsfr9                          sfr9         00000
__Lspace_0                       (abs)        00000
__Lspace_1                       (abs)        00000
__Lspace_2                       (abs)        00000
__Lspace_3                       (abs)        00000
__Lspace_4                       (abs)        00000
__Lstack                         stack        00000
__Lstrings                       strings      00000
__Ltext                          text         00000
__S0                             (abs)        00800
__S1                             (abs)        0007E
__S2                             (abs)        00000
__S3                             (abs)        00000
___int_sp                        stack        00000
___latbits                       (abs)        00001
___sp                            stack        00000
___stackhi                       (abs)        0216F
___stacklo                       (abs)        0201A
__end_of_OSCILLATOR_Initialize   text13       0068E
__end_of_PIN_MANAGER_Initialize  text12       00715
__end_of_SYSTEM_Initialize       text10       006A7
__end_of_WDT_Initialize          text11       00681
__end_of__initialization         cinit        007FD
__end_of_bit_delay               text7        0067D
__end_of_clear_segment           text3        006EC
__end_of_encode_digit            text2        0069D
__end_of_get_DIO_PIN_value       text6        00695
__end_of_main                    maintext     00797
__end_of_set_brigthness          text1        006FF
__end_of_set_segments            text4        0074F
__end_of_start_segment           text9        006C7
__end_of_stop_segment            text8        006D9
__end_of_write_byte              text5        007EC
__initialization                 cinit        007EC
__pbssBANK0                      bssBANK0     00036
__pbssCOMMON                     bssCOMMON    0007D
__pcstackBANK0                   cstackBANK0  0002E
__pcstackCOMMON                  cstackCOMMON 00070
__pdataBANK0                     dataBANK0    00020
__pidataBANK0                    idataBANK0   006A7
__pmaintext                      maintext     0074F
__ptext1                         text1        006EC
__ptext10                        text10       0069D
__ptext11                        text11       0067D
__ptext12                        text12       006FF
__ptext13                        text13       00687
__ptext2                         text2        00695
__ptext3                         text3        006D9
__ptext4                         text4        00715
__ptext5                         text5        00797
__ptext6                         text6        0068E
__ptext7                         text7        0067C
__ptext8                         text8        006C7
__ptext9                         text9        006B5
__size_of_OSCILLATOR_Initialize  (abs)        00000
__size_of_PIN_MANAGER_Initialize (abs)        00000
__size_of_SYSTEM_Initialize      (abs)        00000
__size_of_WDT_Initialize         (abs)        00000
__size_of_bit_delay              (abs)        00000
__size_of_clear_segment          (abs)        00000
__size_of_encode_digit           (abs)        00000
__size_of_get_DIO_PIN_value      (abs)        00000
__size_of_main                   (abs)        00000
__size_of_set_brigthness         (abs)        00000
__size_of_set_segments           (abs)        00000
__size_of_start_segment          (abs)        00000
__size_of_stop_segment           (abs)        00000
__size_of_write_byte             (abs)        00000
_bit_delay                       text7        0067C
_clear_segment                   text3        006D9
_encode_digit                    text2        00695
_get_DIO_PIN_value               text6        0068E
_m_brightness                    bssCOMMON    0007D
_main                            maintext     0074F
_segdata                         dataBANK0    00020
_set_brigthness                  text1        006EC
_set_segments                    text4        00715
_start_segment                   text9        006B5
_stop_segment                    text8        006C7
_write_byte                      text5        00797
btemp                            (abs)        0007E
clear_segment@data               cstackBANK0  0002E
encode_digit@digit               cstackCOMMON 00070
end_of_initialization            cinit        007FD
init_ram                         inittext     00681
intlevel0                        functab      00000
intlevel1                        functab      00000
intlevel2                        functab      00000
intlevel3                        functab      00000
intlevel4                        functab      00000
intlevel5                        functab      00000
main@F2513                       dataBANK0    0002A
main@data                        cstackBANK0  00032
reset_vec                        reset_vec    00000
set_brigthness@brightness        cstackCOMMON 00072
set_brigthness@on                cstackCOMMON 00070
set_segments@k                   cstackCOMMON 0007A
set_segments@length              cstackCOMMON 00076
set_segments@pos                 cstackCOMMON 00077
set_segments@segments            cstackCOMMON 00079
start                            init         00002
start_initialization             cinit        007EC
write_byte@ack                   cstackCOMMON 00073
write_byte@b                     cstackCOMMON 00072
write_byte@data                  cstackCOMMON 00074
write_byte@i                     cstackCOMMON 00075
wtemp0                           (abs)        0007E


MODULE INFORMATION

Module		Function		Class		Link	Load	Size
mcc_generated_files/pin_manager.c
		_PIN_MANAGER_Initialize		CODE           	06FF	0000	22

mcc_generated_files/pin_manager.c estimated size: 22

shared
		__initialization		CODE           	07EC	0000	17

shared estimated size: 17

mcc_generated_files/mcc.c
		_WDT_Initialize		CODE           	067D	0000	4
		_OSCILLATOR_Initialize		CODE           	0687	0000	7
		_SYSTEM_Initialize		CODE           	069D	0000	10

mcc_generated_files/mcc.c estimated size: 21

main.c
		_main          		CODE           	074F	0000	72

main.c estimated size: 72

tm1637.c
		_set_segments  		CODE           	0715	0000	58
		_set_brigthness		CODE           	06EC	0000	19
		_stop_segment  		CODE           	06C7	0000	18
		_start_segment 		CODE           	06B5	0000	18
		_clear_segment 		CODE           	06D9	0000	19
		_encode_digit  		CODE           	0695	0000	8
		_write_byte    		CODE           	0797	0000	85
		_bit_delay     		CODE           	067C	0000	1
		_get_DIO_PIN_value		CODE           	068E	0000	7

tm1637.c estimated size: 233

